Archive member included because of file (symbol)

d:/program files (x86)/microchip/xc32/v1.30/bin/../lib/gcc/pic32mx/4.5.2/../../../../pic32mx/lib\libmchp_peripheral.a(open_core_timer_lib.o)
                              build/default/production/_ext/1218090624/init.o (OpenCoreTimer)
d:/program files (x86)/microchip/xc32/v1.30/bin/../lib/gcc/pic32mx/4.5.2/../../../../pic32mx/lib\libmchp_peripheral.a(update_core_timer_lib.o)
                              build/default/production/_ext/1218090624/init.o (UpdateCoreTimer)
d:/program files (x86)/microchip/xc32/v1.30/bin/../lib/gcc/pic32mx/4.5.2/../../../../pic32mx/lib\libmchp_peripheral_32MX795F512L.a(pcache.o)
                              build/default/production/_ext/1218090624/init.o (CheKseg0CacheOn)
d:/program files (x86)/microchip/xc32/v1.30/bin/../lib/gcc/pic32mx/4.5.2/../../../../pic32mx/lib\libmchp_peripheral_32MX795F512L.a(int_configure_system_lib.o)
                              build/default/production/_ext/1218090624/init.o (INTConfigureSystem)
d:/program files (x86)/microchip/xc32/v1.30/bin/../lib/gcc/pic32mx/4.5.2/../../../../pic32mx/lib\libmchp_peripheral_32MX795F512L.a(int_enable_interrupts_lib.o)
                              build/default/production/_ext/1218090624/init.o (INTEnableInterrupts)
d:/program files (x86)/microchip/xc32/v1.30/bin/../lib/gcc/pic32mx/4.5.2/../../../../pic32mx/lib\libmchp_peripheral_32MX795F512L.a(int_disable_interrupts_lib.o)
                              build/default/production/_ext/1218090624/init.o (INTDisableInterrupts)
d:/program files (x86)/microchip/xc32/v1.30/bin/../lib/gcc/pic32mx/4.5.2/../../../../pic32mx/lib\libmchp_peripheral_32MX795F512L.a(int_restore_interrupts_lib.o)
                              build/default/production/_ext/1218090624/init.o (INTRestoreInterrupts)
d:/program files (x86)/microchip/xc32/v1.30/bin/../lib/gcc/pic32mx/4.5.2/../../../../pic32mx/lib\libmchp_peripheral_32MX795F512L.a(int_tbl_lib.o)
                              build/default/production/_ext/1246622842/company.o (INTClearFlag)
d:/program files (x86)/microchip/xc32/v1.30/bin/../lib/gcc/pic32mx/4.5.2/../../../../pic32mx/lib\libmchp_peripheral_32MX795F512L.a(port_set_pins_digital_in_lib.o)
                              build/default/production/_ext/1218090624/init.o (PORTSetPinsDigitalIn)
d:/program files (x86)/microchip/xc32/v1.30/bin/../lib/gcc/pic32mx/4.5.2/../../../../pic32mx/lib\libmchp_peripheral_32MX795F512L.a(port_set_pins_digital_out_lib.o)
                              build/default/production/_ext/1246622842/company.o (PORTSetPinsDigitalOut)
d:/program files (x86)/microchip/xc32/v1.30/bin/../lib/gcc/pic32mx/4.5.2/../../../../pic32mx/lib\libmchp_peripheral_32MX795F512L.a(_ports_tbl_libp.o)
                              d:/program files (x86)/microchip/xc32/v1.30/bin/../lib/gcc/pic32mx/4.5.2/../../../../pic32mx/lib\libmchp_peripheral_32MX795F512L.a(port_set_pins_digital_in_lib.o) (PortRegTbl)
d:/program files (x86)/microchip/xc32/v1.30/bin/../lib/gcc/pic32mx/4.5.2/../../../../pic32mx/lib\libmchp_peripheral_32MX795F512L.a(uart_lib.o)
                              build/default/production/_ext/1246622842/company.o (UARTEnable)
d:/program files (x86)/microchip/xc32/v1.30/bin/../lib/gcc/pic32mx/4.5.2/../../../../pic32mx/lib\libmchp_peripheral_32MX795F512L.a(idle_i2c2_lib_legacy.o)
                              build/default/production/_ext/1246622842/24lcxxx.o (IdleI2C2)
d:/program files (x86)/microchip/xc32/v1.30/bin/../lib/gcc/pic32mx/4.5.2/../../../../pic32mx/lib\libmchp_peripheral_32MX795F512L.a(master_read_i2c2_lib_legacy.o)
                              build/default/production/_ext/1246622842/24lcxxx.o (MasterReadI2C2)
d:/program files (x86)/microchip/xc32/v1.30/bin/../lib/gcc/pic32mx/4.5.2/../../../../pic32mx/lib\libmchp_peripheral_32MX795F512L.a(master_write_i2c2_lib_legacy.o)
                              build/default/production/_ext/1246622842/24lcxxx.o (MasterWriteI2C2)
d:/program files (x86)/microchip/xc32/v1.30/bin/../lib/gcc/pic32mx/4.5.2/../../../../pic32mx/lib\libmchp_peripheral_32MX795F512L.a(I2CBusIsIdle.o)
                              build/default/production/_ext/1246622842/iic.o (I2CBusIsIdle)
d:/program files (x86)/microchip/xc32/v1.30/bin/../lib/gcc/pic32mx/4.5.2/../../../../pic32mx/lib\libmchp_peripheral_32MX795F512L.a(I2CByteWasAcknowledged.o)
                              build/default/production/_ext/1246622842/iic.o (I2CByteWasAcknowledged)
d:/program files (x86)/microchip/xc32/v1.30/bin/../lib/gcc/pic32mx/4.5.2/../../../../pic32mx/lib\libmchp_peripheral_32MX795F512L.a(I2CConfigure.o)
                              build/default/production/_ext/1246622842/iic.o (I2CConfigure)
d:/program files (x86)/microchip/xc32/v1.30/bin/../lib/gcc/pic32mx/4.5.2/../../../../pic32mx/lib\libmchp_peripheral_32MX795F512L.a(I2CEnable.o)
                              build/default/production/_ext/1246622842/clock.o (I2CEnable)
[...]
Memory Configuration

Name             Origin             Length             Attributes
kseg0_program_mem 0x9d004490         0x0007cb70         xr
kseg0_boot_mem   0x9d003000         0x00000000
exception_mem    0x9d003000         0x00001000
kseg1_boot_mem   0x9d004000         0x00000490
debug_exec_mem   0xbfc02000         0x00000ff0
config3          0xbfc02ff0         0x00000004
config2          0xbfc02ff4         0x00000004
config1          0xbfc02ff8         0x00000004
config0          0xbfc02ffc         0x00000004
kseg1_data_mem   0xa0000000         0x00020000         w !x
sfrs             0xbf800000         0x00100000
configsfrs       0xbfc02ff0         0x00000010
*default*        0x00000000         0xffffffff

Linker script and memory map

LOAD d:/program files (x86)/microchip/xc32/v1.30/bin/../lib/gcc/pic32mx/4.5.2/../../../../pic32mx/lib/./proc/32MX795F512L/crt0_mips32r2.o
LOAD build/default/production/_ext/1246622842/24lcxxx.o
LOAD build/default/production/_ext/1246622842/25vfxxx.o
LOAD build/default/production/_ext/1246622842/buzzer.o
LOAD build/default/production/_ext/1246622842/clock.o
LOAD build/default/production/_ext/1246622842/company.o
LOAD build/default/production/_ext/1246622842/des.o
LOAD build/default/production/_ext/1246622842/disp.o
LOAD build/default/production/_ext/1246622842/ic_card.o
LOAD build/default/production/_ext/1246622842/iic.o
LOAD build/default/production/_ext/1218090624/init.o
LOAD build/default/production/_ext/1218090624/kernel.o
LOAD build/default/production/_ext/1246622842/key.o
LOAD build/default/production/_ext/1246622842/lcd.o
LOAD build/default/production/_ext/1246622842/lngctrl.o
LOAD build/default/production/_ext/1246622842/lngdebug.o
LOAD build/default/production/_ext/1218090624/main.o
LOAD build/default/production/_ext/1218090624/main_ui.o
LOAD build/default/production/_ext/1218090624/module_test.o
LOAD build/default/production/_ext/1246622842/nand.o
LOAD build/default/production/_ext/1246622842/print.o
LOAD build/default/production/_ext/1246622842/qry.o
LOAD build/default/production/_ext/1218090624/sign.o
LOAD build/default/production/_ext/1246622842/soe.o
LOAD build/default/production/_ext/1218090624/store.o
LOAD build/default/production/_ext/1218090624/sysset.o
LOAD build/default/production/_ext/1246622842/TempDetection.o
LOAD build/default/production/_ext/1246622842/uart.o
LOAD build/default/production/_ext/1246622842/gas_log.o
LOAD build/default/production/_ext/1246622842/gas_log_sp.o
                0x00000001                __MPLAB_BUILD = 0x1
                0x00000400                PROVIDE (_min_stack_size, 0x400)
LOAD d:/program files (x86)/microchip/xc32/v1.30/bin/../lib/gcc/pic32mx/4.5.2/../../../../pic32mx/lib/./proc/32MX795F512L\processor.o
START GROUP
LOAD d:/program files (x86)/microchip/xc32/v1.30/bin/../lib/gcc/pic32mx/4.5.2/../../../../pic32mx/lib\libmchp_peripheral.a
END GROUP
START GROUP
LOAD d:/program files (x86)/microchip/xc32/v1.30/bin/../lib/gcc/pic32mx/4.5.2/../../../../pic32mx/lib\libmchp_peripheral_32MX795F512L.a
END GROUP
                0x00000001                PROVIDE (_vector_spacing, 0x1)
                0x9d003000                _ebase_address = 0x9d003000
                0x9d004000                _RESET_ADDR = 0x9d004000
                0x9d004380                _BEV_EXCPT_ADDR = 0x9d004380
                0x9d004480                _DBG_EXCPT_ADDR = 0x9d004480
                0xbfc02000                _DBG_CODE_ADDR = 0xbfc02000
                0x00000ff0                _DBG_CODE_SIZE = 0xff0
                0x9d003180                _GEN_EXCPT_ADDR = (_ebase_address + 0x180)

.config_BFC02FF0
                0xbfc02ff0        0x4
 *(.config_BFC02FF0)
 .config_BFC02FF0
                0xbfc02ff0        0x4 build/default/production/_ext/1218090624/main.o

.config_BFC02FF4
                0xbfc02ff4        0x4
 *(.config_BFC02FF4)
 .config_BFC02FF4
                0xbfc02ff4        0x4 build/default/production/_ext/1218090624/main.o

.config_BFC02FF8
                0xbfc02ff8        0x4
 *(.config_BFC02FF8)
 .config_BFC02FF8
                0xbfc02ff8        0x4 build/default/production/_ext/1218090624/main.o

.config_BFC02FFC
                0xbfc02ffc        0x4
 *(.config_BFC02FFC)
 .config_BFC02FFC
                0xbfc02ffc        0x4 build/default/production/_ext/1218090624/main.o
                0xbfc02000                PROVIDE (_DBG_CODE_ADDR, 0xbfc02000)
                0x00000ff0                PROVIDE (_DBG_CODE_SIZE, 0xff0)

.reset          0x9d004000      0x1e0
 *(.reset)
 .reset         0x9d004000      0x1e0 d:/program files (x86)/microchip/xc32/v1.30/bin/../lib/gcc/pic32mx/4.5.2/../../../../pic32mx/lib/./proc/32MX795F512L/crt0_mips32r2.o
                0x9d004000                _reset
 *(.reset.startup)

.bev_excpt      0x9d004380       0x10
 *(.bev_handler)
 .bev_handler   0x9d004380       0x10 d:/program files (x86)/microchip/xc32/v1.30/bin/../lib/gcc/pic32mx/4.5.2/../../../../pic32mx/lib/./proc/32MX795F512L/crt0_mips32r2.o

.dbg_excpt      0x9d004480        0x0
                0x9d004480                . = (. + DEFINED (_DEBUGGER)?0x8:0x0)

.dbg_code       0xbfc02000        0x0
                0xbfc02000                . = (. + DEFINED (_DEBUGGER)?_DBG_CODE_SIZE:0x0)

.app_excpt      0x9d003180       0x10
 *(.gen_handler)
 .gen_handler   0x9d003180       0x10 d:/program files (x86)/microchip/xc32/v1.30/bin/../lib/gcc/pic32mx/4.5.2/../../../../pic32mx/lib/./proc/32MX795F512L/crt0_mips32r2.o

.vector_0       0x9d003200        0x8
 *(.vector_0)
 .vector_0      0x9d003200        0x8 build/default/production/_ext/1218090624/init.o
                0x9d003200                __vector_dispatch_0
                0x00000001                ASSERT (((_vector_spacing == 0x0) || (SIZEOF (.vector_0) <= (_vector_spacing << 0x5))), function at exception vector 0 too large)

.vector_1       0x9d003220        0x0
 *(.vector_1)
                0x00000001                ASSERT (((_vector_spacing == 0x0) || (SIZEOF (.vector_1) <= (_vector_spacing << 0x5))), function at exception vector 1 too large)

.vector_2       0x9d003240        0x0
 *(.vector_2)
                0x00000001                ASSERT (((_vector_spacing == 0x0) || (SIZEOF (.vector_2) <= (_vector_spacing << 0x5))), function at exception vector 2 too large)

.vector_3       0x9d003260        0x0
 *(.vector_3)
                0x00000001                ASSERT (((_vector_spacing == 0x0) || (SIZEOF (.vector_3) <= (_vector_spacing << 0x5))), function at exception vector 3 too large)

.vector_4       0x9d003280        0x0
 *(.vector_4)
                0x00000001                ASSERT (((_vector_spacing == 0x0) || (SIZEOF (.vector_4) <= (_vector_spacing << 0x5))), function at exception vector 4 too large)

.vector_5       0x9d0032a0        0x0
 *(.vector_5)
                0x00000001                ASSERT (((_vector_spacing == 0x0) || (SIZEOF (.vector_5) <= (_vector_spacing << 0x5))), function at exception vector 5 too large)

.vector_6       0x9d0032c0        0x0
 *(.vector_6)
                0x00000001                ASSERT (((_vector_spacing == 0x0) || (SIZEOF (.vector_6) <= (_vector_spacing << 0x5))), function at exception vector 6 too large)

.vector_7       0x9d0032e0        0x0
 *(.vector_7)
                0x00000001                ASSERT (((_vector_spacing == 0x0) || (SIZEOF (.vector_7) <= (_vector_spacing << 0x5))), function at exception vector 7 too large)

.vector_8       0x9d003300        0x0
 *(.vector_8)
                0x00000001                ASSERT (((_vector_spacing == 0x0) || (SIZEOF (.vector_8) <= (_vector_spacing << 0x5))), function at exception vector 8 too large)

.vector_9       0x9d003320        0x0
 *(.vector_9)
                0x00000001                ASSERT (((_vector_spacing == 0x0) || (SIZEOF (.vector_9) <= (_vector_spacing << 0x5))), function at exception vector 9 too large)

.vector_10      0x9d003340        0x0
 *(.vector_10)
                0x00000001                ASSERT (((_vector_spacing == 0x0) || (SIZEOF (.vector_10) <= (_vector_spacing << 0x5))), function at exception vector 10 too large)

.vector_11      0x9d003360        0x0
 *(.vector_11)
                0x00000001                ASSERT (((_vector_spacing == 0x0) || (SIZEOF (.vector_11) <= (_vector_spacing << 0x5))), function at exception vector 11 too large)

.vector_12      0x9d003380        0x0
 *(.vector_12)
                0x00000001                ASSERT (((_vector_spacing == 0x0) || (SIZEOF (.vector_12) <= (_vector_spacing << 0x5))), function at exception vector 12 too large)

.vector_13      0x9d0033a0        0x0
 *(.vector_13)
                0x00000001                ASSERT (((_vector_spacing == 0x0) || (SIZEOF (.vector_13) <= (_vector_spacing << 0x5))), function at exception vector 13 too large)

.vector_14      0x9d0033c0        0x0
 *(.vector_14)
                0x00000001                ASSERT (((_vector_spacing == 0x0) || (SIZEOF (.vector_14) <= (_vector_spacing << 0x5))), function at exception vector 14 too large)

.vector_15      0x9d0033e0        0x0
 *(.vector_15)
                0x00000001                ASSERT (((_vector_spacing == 0x0) || (SIZEOF (.vector_15) <= (_vector_spacing << 0x5))), function at exception vector 15 too large)

.vector_16      0x9d003400        0x0
 *(.vector_16)
                0x00000001                ASSERT (((_vector_spacing == 0x0) || (SIZEOF (.vector_16) <= (_vector_spacing << 0x5))), function at exception vector 16 too large)

.vector_17      0x9d003420        0x0
 *(.vector_17)
                0x00000001                ASSERT (((_vector_spacing == 0x0) || (SIZEOF (.vector_17) <= (_vector_spacing << 0x5))), function at exception vector 17 too large)

.vector_18      0x9d003440        0x0
 *(.vector_18)
                0x00000001                ASSERT (((_vector_spacing == 0x0) || (SIZEOF (.vector_18) <= (_vector_spacing << 0x5))), function at exception vector 18 too large)

.vector_19      0x9d003460        0x0
 *(.vector_19)
                0x00000001                ASSERT (((_vector_spacing == 0x0) || (SIZEOF (.vector_19) <= (_vector_spacing << 0x5))), function at exception vector 19 too large)

.vector_20      0x9d003480        0x0
 *(.vector_20)
                0x00000001                ASSERT (((_vector_spacing == 0x0) || (SIZEOF (.vector_20) <= (_vector_spacing << 0x5))), function at exception vector 20 too large)

.vector_21      0x9d0034a0        0x0
 *(.vector_21)
                0x00000001                ASSERT (((_vector_spacing == 0x0) || (SIZEOF (.vector_21) <= (_vector_spacing << 0x5))), function at exception vector 21 too large)

.vector_22      0x9d0034c0        0x0
 *(.vector_22)
                0x00000001                ASSERT (((_vector_spacing == 0x0) || (SIZEOF (.vector_22) <= (_vector_spacing << 0x5))), function at exception vector 22 too large)

.vector_23      0x9d0034e0        0x0
 *(.vector_23)
                0x00000001                ASSERT (((_vector_spacing == 0x0) || (SIZEOF (.vector_23) <= (_vector_spacing << 0x5))), function at exception vector 23 too large)

.vector_24      0x9d003500        0x8
 *(.vector_24)
 .vector_24     0x9d003500        0x8 build/default/production/_ext/1246622842/lngdebug.o
                0x9d003500                __vector_dispatch_24
                0x00000001                ASSERT (((_vector_spacing == 0x0) || (SIZEOF (.vector_24) <= (_vector_spacing << 0x5))), function at exception vector 24 too large)

.vector_25      0x9d003520        0x0
 *(.vector_25)
                0x00000001                ASSERT (((_vector_spacing == 0x0) || (SIZEOF (.vector_25) <= (_vector_spacing << 0x5))), function at exception vector 25 too large)

.vector_26      0x9d003540        0x0
 *(.vector_26)
                0x00000001                ASSERT (((_vector_spacing == 0x0) || (SIZEOF (.vector_26) <= (_vector_spacing << 0x5))), function at exception vector 26 too large)

.vector_27      0x9d003560        0x0
 *(.vector_27)
                0x00000001                ASSERT (((_vector_spacing == 0x0) || (SIZEOF (.vector_27) <= (_vector_spacing << 0x5))), function at exception vector 27 too large)

.vector_28      0x9d003580        0x0
 *(.vector_28)
                0x00000001                ASSERT (((_vector_spacing == 0x0) || (SIZEOF (.vector_28) <= (_vector_spacing << 0x5))), function at exception vector 28 too large)

.vector_29      0x9d0035a0        0x0
 *(.vector_29)
                0x00000001                ASSERT (((_vector_spacing == 0x0) || (SIZEOF (.vector_29) <= (_vector_spacing << 0x5))), function at exception vector 29 too large)

.vector_30      0x9d0035c0        0x0
 *(.vector_30)
                0x00000001                ASSERT (((_vector_spacing == 0x0) || (SIZEOF (.vector_30) <= (_vector_spacing << 0x5))), function at exception vector 30 too large)

.vector_31      0x9d0035e0        0x0
 *(.vector_31)
                0x00000001                ASSERT (((_vector_spacing == 0x0) || (SIZEOF (.vector_31) <= (_vector_spacing << 0x5))), function at exception vector 31 too large)

.vector_32      0x9d003600        0x8
 *(.vector_32)
 .vector_32     0x9d003600        0x8 build/default/production/_ext/1246622842/company.o
                0x9d003600                __vector_dispatch_32
                0x00000001                ASSERT (((_vector_spacing == 0x0) || (SIZEOF (.vector_32) <= (_vector_spacing << 0x5))), function at exception vector 32 too large)

.vector_33      0x9d003620        0x0
 *(.vector_33)
                0x00000001                ASSERT (((_vector_spacing == 0x0) || (SIZEOF (.vector_33) <= (_vector_spacing << 0x5))), function at exception vector 33 too large)

.vector_34      0x9d003640        0x0
 *(.vector_34)
                0x00000001                ASSERT (((_vector_spacing == 0x0) || (SIZEOF (.vector_34) <= (_vector_spacing << 0x5))), function at exception vector 34 too large)

.vector_35      0x9d003660        0x0
 *(.vector_35)
                0x00000001                ASSERT (((_vector_spacing == 0x0) || (SIZEOF (.vector_35) <= (_vector_spacing << 0x5))), function at exception vector 35 too large)

.vector_36      0x9d003680        0x0
 *(.vector_36)
                0x00000001                ASSERT (((_vector_spacing == 0x0) || (SIZEOF (.vector_36) <= (_vector_spacing << 0x5))), function at exception vector 36 too large)

.vector_37      0x9d0036a0        0x0
 *(.vector_37)
                0x00000001                ASSERT (((_vector_spacing == 0x0) || (SIZEOF (.vector_37) <= (_vector_spacing << 0x5))), function at exception vector 37 too large)

.vector_38      0x9d0036c0        0x0
 *(.vector_38)
                0x00000001                ASSERT (((_vector_spacing == 0x0) || (SIZEOF (.vector_38) <= (_vector_spacing << 0x5))), function at exception vector 38 too large)

.vector_39      0x9d0036e0        0x0
 *(.vector_39)
                0x00000001                ASSERT (((_vector_spacing == 0x0) || (SIZEOF (.vector_39) <= (_vector_spacing << 0x5))), function at exception vector 39 too large)

.vector_40      0x9d003700        0x0
 *(.vector_40)
                0x00000001                ASSERT (((_vector_spacing == 0x0) || (SIZEOF (.vector_40) <= (_vector_spacing << 0x5))), function at exception vector 40 too large)

.vector_41      0x9d003720        0x0
 *(.vector_41)
                0x00000001                ASSERT (((_vector_spacing == 0x0) || (SIZEOF (.vector_41) <= (_vector_spacing << 0x5))), function at exception vector 41 too large)

.vector_42      0x9d003740        0x0
 *(.vector_42)
                0x00000001                ASSERT (((_vector_spacing == 0x0) || (SIZEOF (.vector_42) <= (_vector_spacing << 0x5))), function at exception vector 42 too large)

.vector_43      0x9d003760        0x0
 *(.vector_43)
                0x00000001                ASSERT (((_vector_spacing == 0x0) || (SIZEOF (.vector_43) <= (_vector_spacing << 0x5))), function at exception vector 43 too large)

.vector_44      0x9d003780        0x0
 *(.vector_44)
                0x00000001                ASSERT (((_vector_spacing == 0x0) || (SIZEOF (.vector_44) <= (_vector_spacing << 0x5))), function at exception vector 44 too large)

.vector_45      0x9d0037a0        0x0
 *(.vector_45)
                0x00000001                ASSERT (((_vector_spacing == 0x0) || (SIZEOF (.vector_45) <= (_vector_spacing << 0x5))), function at exception vector 45 too large)

.vector_46      0x9d0037c0        0x0
 *(.vector_46)
                0x00000001                ASSERT (((_vector_spacing == 0x0) || (SIZEOF (.vector_46) <= (_vector_spacing << 0x5))), function at exception vector 46 too large)

.vector_47      0x9d0037e0        0x0
 *(.vector_47)
                0x00000001                ASSERT (((_vector_spacing == 0x0) || (SIZEOF (.vector_47) <= (_vector_spacing << 0x5))), function at exception vector 47 too large)

.vector_48      0x9d003800        0x0
 *(.vector_48)
                0x00000001                ASSERT (((_vector_spacing == 0x0) || (SIZEOF (.vector_48) <= (_vector_spacing << 0x5))), function at exception vector 48 too large)

.vector_49      0x9d003820        0x8
 *(.vector_49)
 .vector_49     0x9d003820        0x8 build/default/production/_ext/1246622842/uart.o
                0x9d003820                __vector_dispatch_49
                0x00000001                ASSERT (((_vector_spacing == 0x0) || (SIZEOF (.vector_49) <= (_vector_spacing << 0x5))), function at exception vector 49 too large)

.vector_50      0x9d003840        0x0
 *(.vector_50)
                0x00000001                ASSERT (((_vector_spacing == 0x0) || (SIZEOF (.vector_50) <= (_vector_spacing << 0x5))), function at exception vector 50 too large)

.vector_51      0x9d003860        0x0
 *(.vector_51)
                0x00000001                ASSERT (((_vector_spacing == 0x0) || (SIZEOF (.vector_51) <= (_vector_spacing << 0x5))), function at exception vector 51 too large)

.vector_52      0x9d003880        0x0
 *(.vector_52)
                0x00000001                ASSERT (((_vector_spacing == 0x0) || (SIZEOF (.vector_52) <= (_vector_spacing << 0x5))), function at exception vector 52 too large)

.vector_53      0x9d0038a0        0x0
 *(.vector_53)
                0x00000001                ASSERT (((_vector_spacing == 0x0) || (SIZEOF (.vector_53) <= (_vector_spacing << 0x5))), function at exception vector 53 too large)

.vector_54      0x9d0038c0        0x0
 *(.vector_54)
                0x00000001                ASSERT (((_vector_spacing == 0x0) || (SIZEOF (.vector_54) <= (_vector_spacing << 0x5))), function at exception vector 54 too large)

.vector_55      0x9d0038e0        0x0
 *(.vector_55)
                0x00000001                ASSERT (((_vector_spacing == 0x0) || (SIZEOF (.vector_55) <= (_vector_spacing << 0x5))), function at exception vector 55 too large)

.vector_56      0x9d003900        0x0
 *(.vector_56)
                0x00000001                ASSERT (((_vector_spacing == 0x0) || (SIZEOF (.vector_56) <= (_vector_spacing << 0x5))), function at exception vector 56 too large)

.vector_57      0x9d003920        0x0
 *(.vector_57)
                0x00000001                ASSERT (((_vector_spacing == 0x0) || (SIZEOF (.vector_57) <= (_vector_spacing << 0x5))), function at exception vector 57 too large)

.vector_58      0x9d003940        0x0
 *(.vector_58)
                0x00000001                ASSERT (((_vector_spacing == 0x0) || (SIZEOF (.vector_58) <= (_vector_spacing << 0x5))), function at exception vector 58 too large)

.vector_59      0x9d003960        0x0
 *(.vector_59)
                0x00000001                ASSERT (((_vector_spacing == 0x0) || (SIZEOF (.vector_59) <= (_vector_spacing << 0x5))), function at exception vector 59 too large)

.vector_60      0x9d003980        0x0
 *(.vector_60)
                0x00000001                ASSERT (((_vector_spacing == 0x0) || (SIZEOF (.vector_60) <= (_vector_spacing << 0x5))), function at exception vector 60 too large)

.vector_61      0x9d0039a0        0x0
 *(.vector_61)
                0x00000001                ASSERT (((_vector_spacing == 0x0) || (SIZEOF (.vector_61) <= (_vector_spacing << 0x5))), function at exception vector 61 too large)

.vector_62      0x9d0039c0        0x0
 *(.vector_62)
                0x00000001                ASSERT (((_vector_spacing == 0x0) || (SIZEOF (.vector_62) <= (_vector_spacing << 0x5))), function at exception vector 62 too large)

.vector_63      0x9d0039e0        0x0
 *(.vector_63)
                0x00000001                ASSERT (((_vector_spacing == 0x0) || (SIZEOF (.vector_63) <= (_vector_spacing << 0x5))), function at exception vector 63 too large)

.startup
 *(.startup)

.text           0x9d004490        0x0
 *(.stub .gnu.linkonce.t.*)
 *(.text.*personality*)
 *(.mips16.fn.*)
 *(.mips16.call.*)
 *(.gnu.warning)
                0x9d004490                . = ALIGN (0x4)

.init           0x9d004490        0x0
 *crti.o(.init)
 *crtbegin.o(.init)
 *(EXCLUDE_FILE(*crtn.o *crtend?.o *crtend.o) .init)
 *crtend.o(.init)
 *crtn.o(.init)
                0x9d004490                . = ALIGN (0x4)

.fini           0x9d004490        0x0
 *(.fini)
                0x9d004490                . = ALIGN (0x4)

.preinit_array  0x9d004490        0x0
                0x9d004490                PROVIDE (__preinit_array_start, .)
 *(.preinit_array)
                0x9d004490                PROVIDE (__preinit_array_end, .)
                0x9d004490                . = ALIGN (0x4)

.init_array     0x9d004490        0x0
                0x9d004490                PROVIDE (__init_array_start, .)
 *(SORT(.init_array.*))
 *(.init_array)
                0x9d004490                PROVIDE (__init_array_end, .)
                0x9d004490                . = ALIGN (0x4)

.fini_array     0x9d004490        0x0
                0x9d004490                PROVIDE (__fini_array_start, .)
 *(SORT(.fini_array.*))
 *(.fini_array)
                0x9d004490                PROVIDE (__fini_array_end, .)
                0x9d004490                . = ALIGN (0x4)

.ctors          0x9d004490        0x0
 *crtbegin.o(.ctors)
 *crtbegin?.o(.ctors)
 *(EXCLUDE_FILE(*crtend?.o *crtend.o) .ctors)
 *(SORT(.ctors.*))
 *(.ctors)
                0x9d004490                . = ALIGN (0x4)

.dtors          0x9d004490        0x0
 *crtbegin.o(.dtors)
 *crtbegin?.o(.dtors)
 *(EXCLUDE_FILE(*crtend?.o *crtend.o) .dtors)
 *(SORT(.dtors.*))
 *(.dtors)
                0x9d004490                . = ALIGN (0x4)

.rodata         0x9d004490        0x0
 *(.gnu.linkonce.r.*)
 *(.rodata1)
                0x9d004490                . = ALIGN (0x4)

.sdata2         0x9d003000        0x0
 *(.sdata2 .sdata2.* .gnu.linkonce.s2.*)
                0x9d003000                . = ALIGN (0x4)

.sbss2          0x9d003000        0x0
 *(.sbss2 .sbss2.* .gnu.linkonce.sb2.*)
                0x9d003000                . = ALIGN (0x4)

.eh_frame_hdr
 *(.eh_frame_hdr)
                0x9d003000                . = ALIGN (0x4)

.eh_frame
 *(.eh_frame)
                0x9d003000                . = ALIGN (0x4)

.gcc_except_table
 *(.gcc_except_table .gcc_except_table.*)
                0x9d003000                . = ALIGN (0x4)

.dbg_data       0xa0000000        0x0
                0xa0000000                . = (. + DEFINED (_DEBUGGER)?0x200:0x0)

.jcr            0xa0000000        0x0
 *(.jcr)
                0xa0000000                . = ALIGN (0x4)

.eh_frame       0xa0000000       0x30
 *(.eh_frame)
 .eh_frame      0xa0000000       0x20 d:/program files (x86)/microchip/xc32/v1.30/bin/../lib/gcc/pic32mx/4.5.2\libgcc.a(_udivdi3.o)
 .eh_frame      0xa0000020       0x10 d:/program files (x86)/microchip/xc32/v1.30/bin/../lib/gcc/pic32mx/4.5.2\libgcc.a(_umoddi3.o)
                0xa0000030                . = ALIGN (0x4)

.gcc_except_table
 *(.gcc_except_table .gcc_except_table.*)
                0xa0000030                . = ALIGN (0x4)

.persist        0xa0000030        0x0
                0xa0000030                _persist_begin = .
 *(.persist .persist.*)
 *(.pbss .pbss.*)
                0xa0000030                . = ALIGN (0x4)
                0xa0000030                _persist_end = .

.data           0xa0000030        0x0
 *(.gnu.linkonce.d.*)
 *(.data1)
                0xa0000030                . = ALIGN (0x4)
                0xa0000030                . = .
                0xa0008020                _gp = (ALIGN (0x10) + 0x7ff0)

.got            0xa0000030        0x0
 *(.got.plt)
 *(.got)
                0xa0000030                . = ALIGN (0x4)

.sdata          0xa0000030       0x14
                0xa0000030                _sdata_begin = .
 *(.sdata .sdata.* .gnu.linkonce.s.*)
 .sdata         0xa0000030        0x1 build/default/production/_ext/1246622842/key.o
 *fill*         0xa0000031        0x3 
 .sdata         0xa0000034        0x8 build/default/production/_ext/1218090624/sysset.o
                0xa0000034                stword
 .sdata         0xa000003c        0x4 d:/program files (x86)/microchip/xc32/v1.30/bin/../lib/gcc/pic32mx/4.5.2/../../../../pic32mx/lib\libc.a(_iob.o)
                0xa000003c                _Files
 .sdata         0xa0000040        0x4 d:/program files (x86)/microchip/xc32/v1.30/bin/../lib/gcc/pic32mx/4.5.2/../../../../pic32mx/lib\libpic32.a(xc32_uart.o)
                0xa0000040                __XC_UART
                0xa0000044                . = ALIGN (0x4)
                0xa0000044                _sdata_end = .

.lit8
 *(.lit8)

.lit4
 *(.lit4)
                0xa0000044                . = ALIGN (0x4)
                0xa0000044                _data_end = .
                0xa0000044                _bss_begin = .

.sbss           0xa0000044      0x3a0
                0xa0000044                _sbss_begin = .
 *(.dynsbss)
 *(.sbss .sbss.* .gnu.linkonce.sb.*)
 .sbss          0xa0000044        0xc build/default/production/_ext/1246622842/company.o
 .sbss          0xa0000050        0x8 build/default/production/_ext/1246622842/ic_card.o
 .sbss          0xa0000058        0x2 build/default/production/_ext/1218090624/kernel.o
 *fill*         0xa000005a        0x2 
 .sbss          0xa000005c        0x8 build/default/production/_ext/1246622842/lngdebug.o
 .sbss          0xa0000064        0x4 build/default/production/_ext/1218090624/main_ui.o
 .sbss          0xa0000068        0x2 build/default/production/_ext/1218090624/module_test.o
 .sbss          0xa000006a        0x1 build/default/production/_ext/1246622842/qry.o
                0xa000006a                keynumc
 .sbss          0xa000006b        0x4 build/default/production/_ext/1246622842/uart.o
 *fill*         0xa000006f        0x1 
 .sbss          0xa0000070        0x4 d:/program files (x86)/microchip/xc32/v1.30/bin/../lib/gcc/pic32mx/4.5.2/../../../../pic32mx/lib\libc.a(errno.o)
                0xa0000070                errno
 .sbss          0xa0000074        0x1 d:/program files (x86)/microchip/xc32/v1.30/bin/../lib/gcc/pic32mx/4.5.2/../../../../pic32mx/lib\libc.a(_iob.o)
                0xa0000074                _outdone
 *(.scommon)
 *fill*         0xa0000075        0x3 
 .scommon       0xa0000078      0x35c build/default/production/_ext/1246622842/24lcxxx.o
                0xa0000078                eVirtualKey
                0xa0000079                Com_Timeoutnum
                0xa000007c                gTick
                0xa0000080                JQvolu
                0xa0000084                KEY422_ERRBYTE_Tick
                0xa0000088                Qianghao
                0xa000008c                shift_ok
                0xa0000090                Companycrc_rece
                0xa0000092                subfunc
                0xa0000094                PRICE10
                0xa0000098                gass_class
                0xa000009c                car_prem
                0xa00000a0                gReadKeyTick
                0xa00000a4                car_prel
                0xa00000a8                HARDKEYCERA4
                0xa00000a9                SP
                0xa00000aa                cur_max_blacklist
                0xa00000ac                Err_ZhuTime
                0xa00000ad                temp_add_vol
                0xa00000ae                class_sum
                0xa00000b0                RecvUnit_ok
                0xa00000b4                read_keyv_CS
                0xa00000b5                CARD_XIAOFEI
                0xa00000b8                cur_init_lngnum
                0xa00000bc                _b_run_lng_flag
                0xa00000c0                Rec_End_Press
                0xa00000c4                Mini_FD
                0xa00000c8                HQ_PRINT
                0xa00000c9                Car_hui
                0xa00000cc                OKgas_money
                0xa00000d0                GAS_BACKGV
                0xa00000d4                b_fixnop
                0xa00000d8                Companybufleng
                0xa00000d9                uart_state2
                0xa00000dc                hk_disp
                0xa00000e0                Rec_Begin_Press
                0xa00000e4                _b_precool_lng_flag
                0xa00000e8                _b_quan_err
                0xa00000ec                Rec_inxex
                0xa00000f0                cur_max_paraid
                0xa00000f4                re_over_tick2
                0xa00000f8                KY_PRINT
                0xa00000fc                DJ_PRINT
                0xa0000100                eCurRunState
                0xa0000101                _ui_qry_cardinfo_id
                0xa0000104                _b_simu_lng
                0xa0000108                pro_alarm
                0xa000010c                Zttz_Time
                0xa0000110                Rec_debug_ok
                0xa0000114                ID_PRINT
                0xa0000118                FIX_Money
                0xa000011c                card_info_len
                0xa0000120                sq
                0xa0000124                dkpd
                0xa0000125                signfun
                0xa0000126                GasCo
                0xa0000127                Err_JPTime
                0xa0000128                PRICE
                0xa000012c                Keyvol_PRE
                0xa000012d                Pr_gr
                0xa0000130                RQ_PRINT
                0xa0000138                cur_un_float
                0xa000013c                SendStop_False
                0xa0000140                sys_time
                0xa0000146                GasBegin
                0xa0000147                cur_shiftid
                0xa0000148                HUAIKUAI
                0xa000014c                cur_cngdensty
                0xa0000150                Cp_flag
                0xa0000154                cur_calnum_c
                0xa0000158                send_yl_flag
                0xa000015c                cur_cngrate
                0xa0000160                ZK_POWER
                0xa0000164                b_mainui
                0xa0000168                Rec_Card_Preg_int
                0xa000016c                Rec_debug_order
                0xa000016d                cur_keysound
                0xa0000170                cur_card_money
                0xa0000174                _b_running_flag
                0xa0000178                CanGasTime
                0xa000017c                _simu_iic_step
                0xa000017e                Cur_StationNo
                0xa000017f                Car_Hui_ok
                0xa0000180                wk_cont
                0xa0000184                SetValue
                0xa0000188                HQL_PRINT
                0xa000018c                Rec_Card_PreM
                0xa0000190                SendUnit_ok
                0xa0000194                gComRFPos
                0xa0000198                _10ms_tick_
                0xa000019c                IS_GUANLI_CARD_GAS
                0xa00001a0                JE_PRINT
                0xa00001a4                TEST1_tick
                0xa00001a8                WDBJ
                0xa00001ac                mlc
                0xa00001b0                keyv
                0xa00001b4                glc
                0xa00001b8                gcombufleng
                0xa00001b9                _ui_module_id
                0xa00001ba                CANGASMINUTE
                0xa00001bc                IsGasAdd_tick
                0xa00001c0                CompanyInbufleng
                0xa00001c4                _b_quota_err
                0xa00001c8                cur_p_GID
                0xa00001cc                _10ms_tick2_
                0xa00001d0                cur_price
                0xa00001d4                cur_lngtemp
                0xa00001d8                _ui_pricex_set_id
                0xa00001d9                ReadTn
                0xa00001dc                cur_cnggain
                0xa00001e0                KEY_CAR_PASS
                0xa00001e8                Carcheck_tick
                0xa00001ec                SP_tick
                0xa00001f0                ReadTemp_Tick
                0xa00001f4                Disp_AllErr_tick
                0xa00001f8                gass_ok
                0xa00001fc                Precool_ok
                0xa0000200                uart_state
                0xa0000201                _ui_syschk_set_id
                0xa0000202                _ui_cs_set_id
                0xa0000204                gScanKeyTick
                0xa0000208                QX_RECORD
                0xa000020c                swjset_value
                0xa0000210                Rec_Sum_Start
                0xa0000214                _ui_precool_set_id
                0xa0000218                _b_have_card
                0xa000021c                se_cmdnu
                0xa000021d                gComRec_OK
                0xa0000220                b_keyv
                0xa0000224                cur_lngrate
                0xa0000228                Operate_fixm
                0xa000022c                cur_lngnum
                0xa0000230                cur_lngdensty
                0xa0000234                Rec_Card_PreM_int
                0xa0000238                _sys_tick_
                0xa000023c                _b_have_cont
                0xa000023d                _CARD_TYPE
                0xa0000240                b_fixmop
                0xa0000244                _ui_paras_set_id
                0xa0000248                EecKeynull
                0xa000024c                SysrunTick
                0xa0000250                Company_alarm
                0xa0000254                Company_Timeoutnum
                0xa0000256                PR_YGH
                0xa0000258                Keyvol_num
                0xa0000259                QX_OVER
                0xa000025c                _gas_run_flag
                0xa0000260                FIX_RecOK
                0xa0000264                Result_card
                0xa0000268                b_shift_ok
                0xa000026c                zhutime
                0xa0000274                _simu_lngnum
                0xa0000278                DUISHI
                0xa000027a                Rec_liushnum
                0xa000027c                cur_calsum_c
                0xa0000280                crc_rece
                0xa0000284                heareat_flag
                0xa0000288                sys_info_page
                0xa000028a                cur_max_soe
                0xa000028c                temperature
                0xa0000290                GAS_MustStop_Err
                0xa0000294                Sign_Name
                0xa0000298                cur_max_recid
                0xa000029c                pr_lsh
                0xa00002a0                TEST_tick
                0xa00002a4                QL_PRINT
                0xa00002a8                Companytime_flag
                0xa00002ac                Rec_shiftidnum
                0xa00002ae                Graybegain
                0xa00002af                led
                0xa00002b0                Rec_Sum_End
                0xa00002b4                GAS_Stime
                0xa00002bc                PRICE9
                0xa00002c0                JQ_money
                0xa00002c4                PRICE2
                0xa00002c8                cur_calsum
                0xa00002cc                Rec_Card_EndM_int
                0xa00002d0                re_over_tick
                0xa00002d4                Runled_tick
                0xa00002d8                heareat_time
                0xa00002dc                State_g_p
                0xa00002de                _simu_tick
                0xa00002e0                WDKZ
                0xa00002e4                sdk_cont
                0xa00002e8                PRICE7
                0xa00002ec                cur_init_cngnum
                0xa00002f0                PRICE8
                0xa00002f4                CompanyPos
                0xa00002f8                PRICE3
                0xa00002fc                PRICE4
                0xa0000300                Protocol_tick
                0xa0000304                PRICE6
                0xa0000308                PRICE5
                0xa000030c                send_sj_flag
                0xa0000310                cur_press
                0xa0000314                cursor_x
                0xa0000315                cursor_y
                0xa0000316                _ui_sys_set_id
                0xa0000318                _b_cz_card
                0xa000031c                Is_debuggas_Read
                0xa0000320                Rec_Card_EndM
                0xa0000324                Rec_Card_Endg
                0xa0000328                Runled
                0xa000032c                MAX_dubug_recid_num
                0xa0000330                Debugasing_rstsave_Tick
                0xa0000334                WKJQ
                0xa0000338                offwork_ok
                0xa000033c                opotocol_SW
                0xa0000340                Newdisp_tick2
                0xa0000344                _sys_tick_cnt_
                0xa0000348                Cur_Price
                0xa000034c                DSCG
                0xa000034d                KeyScan
                0xa0000350                OKgas_GV
                0xa0000354                _b_state_err
                0xa0000358                Precool_over
                0xa000035c                GAS_Etime
                0xa0000364                gass_stop
                0xa0000368                smallMini_FD
                0xa000036c                pototime_flag
                0xa0000370                ok_ReadKeyTick
                0xa0000374                cur_max_shiftid
                0xa0000378                _modbus_response_len
                0xa000037c                cur_max_recid0
                0xa0000380                cur_fixm
                0xa0000384                cur_fixn
                0xa0000388                re_cmdnu
                0xa000038c                cur_max_reset
                0xa0000390                sys_recPCtime
                0xa0000396                PrecoolCo
                0xa0000397                ORD_DATAPA
                0xa0000398                gcomInbufleng
                0xa000039c                Rec_Card_Preg
                0xa00003a0                Discount_validity
                0xa00003a4                Add_Gas_CS
                0xa00003a5                SCS
                0xa00003a8                Discounf
                0xa00003ac                cur_lnggain
                0xa00003b0                VER_MasterBoard
                0xa00003b4                cur_cngtemp
                0xa00003b8                Eeckey
                0xa00003bc                cur_cngnum
                0xa00003c0                PRINT_SET
                0xa00003c1                jr_power
                0xa00003c4                _b_init_ok
                0xa00003c8                Pre_vol_add
                0xa00003cc                cur_calnum
                0xa00003d0                Rec_Card_Endg_int
 .scommon       0xa00003d4        0x0 build/default/production/_ext/1246622842/25vfxxx.o
 .scommon       0xa00003d4        0x0 build/default/production/_ext/1246622842/buzzer.o
 .scommon       0xa00003d4        0x0 build/default/production/_ext/1246622842/clock.o
 .scommon       0xa00003d4        0x0 build/default/production/_ext/1246622842/company.o
 .scommon       0xa00003d4        0x0 build/default/production/_ext/1246622842/des.o
 .scommon       0xa00003d4        0x0 build/default/production/_ext/1246622842/disp.o
 .scommon       0xa00003d4        0x4 build/default/production/_ext/1246622842/ic_card.o
                0xa00003d4                ic_status
 .scommon       0xa00003d8        0x0 build/default/production/_ext/1246622842/iic.o
 .scommon       0xa00003d8        0x0 build/default/production/_ext/1218090624/init.o
 .scommon       0xa00003d8        0x0 build/default/production/_ext/1218090624/kernel.o
 .scommon       0xa00003d8        0x0 build/default/production/_ext/1246622842/key.o
 .scommon       0xa00003d8        0x0 build/default/production/_ext/1246622842/lcd.o
 .scommon       0xa00003d8        0x0 build/default/production/_ext/1246622842/lngctrl.o
 .scommon       0xa00003d8        0x0 build/default/production/_ext/1246622842/lngdebug.o
 .scommon       0xa00003d8        0x0 build/default/production/_ext/1218090624/main.o
 .scommon       0xa00003d8        0x0 build/default/production/_ext/1218090624/main_ui.o
 .scommon       0xa00003d8        0x4 build/default/production/_ext/1218090624/module_test.o
                0xa00003d8                modbus_lg_switch
 .scommon       0xa00003dc        0x0 build/default/production/_ext/1246622842/nand.o
 .scommon       0xa00003dc        0x0 build/default/production/_ext/1246622842/print.o
 .scommon       0xa00003dc        0x1 build/default/production/_ext/1246622842/qry.o
                0xa00003dc                keynum
 *fill*         0xa00003dd        0x3 
 .scommon       0xa00003e0        0x4 build/default/production/_ext/1218090624/sign.o
                0xa00003e0                sig_err
 .scommon       0xa00003e4        0x0 build/default/production/_ext/1246622842/soe.o
 .scommon       0xa00003e4        0x0 build/default/production/_ext/1218090624/store.o
 .scommon       0xa00003e4        0x0 build/default/production/_ext/1218090624/sysset.o
 .scommon       0xa00003e4        0x0 build/default/production/_ext/1246622842/TempDetection.o
 .scommon       0xa00003e4        0x0 build/default/production/_ext/1246622842/uart.o
 .scommon       0xa00003e4        0x0 build/default/production/_ext/1246622842/gas_log.o
 .scommon       0xa00003e4        0x0 build/default/production/_ext/1246622842/gas_log_sp.o
                0xa00003e4                _sbss_end = .
                0xa00003e4                . = ALIGN (0x4)

.bss            0xa00003e4     0x10f0
 *(.dynbss)
 *(COMMON)
 COMMON         0xa00003e4     0x1054 build/default/production/_ext/1246622842/24lcxxx.o
                0xa00003e4                _modbus_response_buf
                0xa0000404                tm1
                0xa0000428                tm3
                0xa000044c                tm2
                0xa0000470                data_01
                0xa0000870                Send_Buf
                0xa00008f0                revtime
                0xa00008fc                CN
                0xa0000908                gComIn
                0xa0000930                cur_rec_shiftinfo
                0xa0000968                CPH_IN
                0xa0000974                shift_read
                0xa00009a8                cure_yz_card
                0xa00009b4                global_ic_card_info
                0xa0000a88                cur_rec_sysinfo
                0xa0000ac0                dataX
                0xa0000aec                CN_PRINT
                0xa0000af8                CPBH
                0xa0000b08                FLASH_R_BUF
                0xa0000d08                Recv_Buf
                0xa0000d58                cure_shift_card
                0xa0000d64                deg_oparme
                0xa0000d78                CP_PRINT
                0xa0000d84                GPBH
                0xa0000d94                cur_sysparas
                0xa0000e3c                CPH
                0xa0000e48                shift_write
                0xa0000e7c                AgComIn
                0xa0000eb0                Xs_Info
                0xa0000ec0                cure_JQ_card
                0xa0000ecc                gas_record
                0xa0000efc                Setsys_Rec_card
                0xa0000f08                cur_shift_loginfo
                0xa0000f38                VerCard
                0xa0000f44                Print_Info
                0xa0000f6c                gComRF
                0xa0000fec                Contact_Info
                0xa0000ffc                Sys_Rec_Err
                0xa0001008                Every_add_Gas
                0xa00010d0                Hard_Info
                0xa00010f8                cur_class_info
                0xa0001238                FLASH_W_BUF
 COMMON         0xa0001438       0x9a build/default/production/_ext/1246622842/ic_card.o
                0xa0001438                ic_card
                0xa000144c                msg
                0xa00014d4                . = ALIGN ((. != 0x0)?0x4:0x1)
 *fill*         0xa00014d2        0x2 
                0xa00014d4                . = ALIGN (0x4)
                0xa00014d4                _end = .
                0xa00014d4                _bss_end = .
                0x00020000                _bmxdudba_address = 0x20000
                0x00020000                _bmxdupba_address = 0x20000

/DISCARD/
 *(.pdr)
 *(.rel.dyn)
 *(.note.GNU-stack)
 *(.note.GNU-stack)
 *(.gnu_debuglink)
 *(.gnu.lto_*)
 *(.discard)
 *(._debug_exception)

.gptab.sdata
 *(.gptab.data)
 *(.gptab.sdata)

.gptab.sbss
 *(.gptab.bss)
 *(.gptab.sbss)

.mdebug.abi32   0xa00014d4        0x0
 *(.mdebug.abi32)
 .mdebug.abi32  0xa00014d4        0x0 build/default/production/_ext/1246622842/24lcxxx.o
 .mdebug.abi32  0xa00014d4        0x0 build/default/production/_ext/1246622842/25vfxxx.o
 .mdebug.abi32  0xa00014d4        0x0 build/default/production/_ext/1246622842/buzzer.o
 .mdebug.abi32  0xa00014d4        0x0 build/default/production/_ext/1246622842/clock.o
 .mdebug.abi32  0xa00014d4        0x0 build/default/production/_ext/1246622842/company.o
 .mdebug.abi32  0xa00014d4        0x0 build/default/production/_ext/1246622842/des.o
 .mdebug.abi32  0xa00014d4        0x0 build/default/production/_ext/1246622842/disp.o
 .mdebug.abi32  0xa00014d4        0x0 build/default/production/_ext/1246622842/ic_card.o
 .mdebug.abi32  0xa00014d4        0x0 build/default/production/_ext/1246622842/iic.o
 .mdebug.abi32  0xa00014d4        0x0 build/default/production/_ext/1218090624/init.o
 .mdebug.abi32  0xa00014d4        0x0 build/default/production/_ext/1218090624/kernel.o
 .mdebug.abi32  0xa00014d4        0x0 build/default/production/_ext/1246622842/key.o
 .mdebug.abi32  0xa00014d4        0x0 build/default/production/_ext/1246622842/lcd.o
 .mdebug.abi32  0xa00014d4        0x0 build/default/production/_ext/1246622842/lngctrl.o
 .mdebug.abi32  0xa00014d4        0x0 build/default/production/_ext/1246622842/lngdebug.o
 .mdebug.abi32  0xa00014d4        0x0 build/default/production/_ext/1218090624/main.o
 .mdebug.abi32  0xa00014d4        0x0 build/default/production/_ext/1218090624/main_ui.o
 .mdebug.abi32  0xa00014d4        0x0 build/default/production/_ext/1218090624/module_test.o
 .mdebug.abi32  0xa00014d4        0x0 build/default/production/_ext/1246622842/nand.o
 .mdebug.abi32  0xa00014d4        0x0 build/default/production/_ext/1246622842/print.o
 .mdebug.abi32  0xa00014d4        0x0 build/default/production/_ext/1246622842/qry.o
 .mdebug.abi32  0xa00014d4        0x0 build/default/production/_ext/1218090624/sign.o
 .mdebug.abi32  0xa00014d4        0x0 build/default/production/_ext/1246622842/soe.o
 .mdebug.abi32  0xa00014d4        0x0 build/default/production/_ext/1218090624/store.o
 .mdebug.abi32  0xa00014d4        0x0 build/default/production/_ext/1218090624/sysset.o
 .mdebug.abi32  0xa00014d4        0x0 build/default/production/_ext/1246622842/TempDetection.o
 .mdebug.abi32  0xa00014d4        0x0 build/default/production/_ext/1246622842/uart.o
 .mdebug.abi32  0xa00014d4        0x0 build/default/production/_ext/1246622842/gas_log.o
 .mdebug.abi32  0xa00014d4        0x0 build/default/production/_ext/1246622842/gas_log_sp.o
 .mdebug.abi32  0xa00014d4        0x0 d:/program files (x86)/microchip/xc32/v1.30/bin/../lib/gcc/pic32mx/4.5.2/../../../../pic32mx/lib\libmchp_peripheral.a(open_core_timer_lib.o)
 .mdebug.abi32  0xa00014d4        0x0 d:/program files (x86)/microchip/xc32/v1.30/bin/../lib/gcc/pic32mx/4.5.2/../../../../pic32mx/lib\libmchp_peripheral.a(update_core_timer_lib.o)
 .mdebug.abi32  0xa00014d4        0x0 d:/program files (x86)/microchip/xc32/v1.30/bin/../lib/gcc/pic32mx/4.5.2/../../../../pic32mx/lib\libmchp_peripheral_32MX795F512L.a(pcache.o)
 .mdebug.abi32  0xa00014d4        0x0 d:/program files (x86)/microchip/xc32/v1.30/bin/../lib/gcc/pic32mx/4.5.2/../../../../pic32mx/lib\libmchp_peripheral_32MX795F512L.a(int_configure_system_lib.o)
 .mdebug.abi32  0xa00014d4        0x0 d:/program files (x86)/microchip/xc32/v1.30/bin/../lib/gcc/pic32mx/4.5.2/../../../../pic32mx/lib\libmchp_peripheral_32MX795F512L.a(int_enable_interrupts_lib.o)
 .mdebug.abi32  0xa00014d4        0x0 d:/program files (x86)/microchip/xc32/v1.30/bin/../lib/gcc/pic32mx/4.5.2/../../../../pic32mx/lib\libmchp_peripheral_32MX795F512L.a(int_disable_interrupts_lib.o)
 .mdebug.abi32  0xa00014d4        0x0 d:/program files (x86)/microchip/xc32/v1.30/bin/../lib/gcc/pic32mx/4.5.2/../../../../pic32mx/lib\libmchp_peripheral_32MX795F512L.a(int_restore_interrupts_lib.o)
 .mdebug.abi32  0xa00014d4        0x0 d:/program files (x86)/microchip/xc32/v1.30/bin/../lib/gcc/pic32mx/4.5.2/../../../../pic32mx/lib\libmchp_peripheral_32MX795F512L.a(int_tbl_lib.o)
 .mdebug.abi32  0xa00014d4        0x0 d:/program files (x86)/microchip/xc32/v1.30/bin/../lib/gcc/pic32mx/4.5.2/../../../../pic32mx/lib\libmchp_peripheral_32MX795F512L.a(port_set_pins_digital_in_lib.o)
 .mdebug.abi32  0xa00014d4        0x0 d:/program files (x86)/microchip/xc32/v1.30/bin/../lib/gcc/pic32mx/4.5.2/../../../../pic32mx/lib\libmchp_peripheral_32MX795F512L.a(port_set_pins_digital_out_lib.o)
 .mdebug.abi32  0xa00014d4        0x0 d:/program files (x86)/microchip/xc32/v1.30/bin/../lib/gcc/pic32mx/4.5.2/../../../../pic32mx/lib\libmchp_peripheral_32MX795F512L.a(_ports_tbl_libp.o)
 .mdebug.abi32  0xa00014d4        0x0 d:/program files (x86)/microchip/xc32/v1.30/bin/../lib/gcc/pic32mx/4.5.2/../../../../pic32mx/lib\libmchp_peripheral_32MX795F512L.a(uart_lib.o)
 .mdebug.abi32  0xa00014d4        0x0 d:/program files (x86)/microchip/xc32/v1.30/bin/../lib/gcc/pic32mx/4.5.2/../../../../pic32mx/lib\libmchp_peripheral_32MX795F512L.a(idle_i2c2_lib_legacy.o)
 .mdebug.abi32  0xa00014d4        0x0 d:/program files (x86)/microchip/xc32/v1.30/bin/../lib/gcc/pic32mx/4.5.2/../../../../pic32mx/lib\libmchp_peripheral_32MX795F512L.a(master_read_i2c2_lib_legacy.o)
 .mdebug.abi32  0xa00014d4        0x0 d:/program files (x86)/microchip/xc32/v1.30/bin/../lib/gcc/pic32mx/4.5.2/../../../../pic32mx/lib\libmchp_peripheral_32MX795F512L.a(master_write_i2c2_lib_legacy.o)
 .mdebug.abi32  0xa00014d4        0x0 d:/program files (x86)/microchip/xc32/v1.30/bin/../lib/gcc/pic32mx/4.5.2/../../../../pic32mx/lib\libmchp_peripheral_32MX795F512L.a(I2CBusIsIdle.o)
 .mdebug.abi32  0xa00014d4        0x0 d:/program files (x86)/microchip/xc32/v1.30/bin/../lib/gcc/pic32mx/4.5.2/../../../../pic32mx/lib\libmchp_peripheral_32MX795F512L.a(I2CByteWasAcknowledged.o)
 .mdebug.abi32  0xa00014d4        0x0 d:/program files (x86)/microchip/xc32/v1.30/bin/../lib/gcc/pic32mx/4.5.2/../../../../pic32mx/lib\libmchp_peripheral_32MX795F512L.a(I2CConfigure.o)
 .mdebug.abi32  0xa00014d4        0x0 d:/program files (x86)/microchip/xc32/v1.30/bin/../lib/gcc/pic32mx/4.5.2/../../../../pic32mx/lib\libmchp_peripheral_32MX795F512L.a(I2CEnable.o)
 .mdebug.abi32  0xa00014d4        0x0 d:/program files (x86)/microchip/xc32/v1.30/bin/../lib/gcc/pic32mx/4.5.2/../../../../pic32mx/lib\libmchp_peripheral_32MX795F512L.a(I2CGetByte.o)
 .mdebug.abi32  0xa00014d4        0x0 d:/program files (x86)/microchip/xc32/v1.30/bin/../lib/gcc/pic32mx/4.5.2/../../../../pic32mx/lib\libmchp_peripheral_32MX795F512L.a(I2CGetStatus.o)
 .mdebug.abi32  0xa00014d4        0x0 d:/program files (x86)/microchip/xc32/v1.30/bin/../lib/gcc/pic32mx/4.5.2/../../../../pic32mx/lib\libmchp_peripheral_32MX795F512L.a(I2CReceivedDataIsAvailable.o)
 .mdebug.abi32  0xa00014d4        0x0 d:/program files (x86)/microchip/xc32/v1.30/bin/../lib/gcc/pic32mx/4.5.2/../../../../pic32mx/lib\libmchp_peripheral_32MX795F512L.a(I2CReceiverEnable.o)
 .mdebug.abi32  0xa00014d4        0x0 d:/program files (x86)/microchip/xc32/v1.30/bin/../lib/gcc/pic32mx/4.5.2/../../../../pic32mx/lib\libmchp_peripheral_32MX795F512L.a(I2CRepeatStart.o)
 .mdebug.abi32  0xa00014d4        0x0 d:/program files (x86)/microchip/xc32/v1.30/bin/../lib/gcc/pic32mx/4.5.2/../../../../pic32mx/lib\libmchp_peripheral_32MX795F512L.a(I2CSendByte.o)
 .mdebug.abi32  0xa00014d4        0x0 d:/program files (x86)/microchip/xc32/v1.30/bin/../lib/gcc/pic32mx/4.5.2/../../../../pic32mx/lib\libmchp_peripheral_32MX795F512L.a(I2CSetFrequency.o)
 .mdebug.abi32  0xa00014d4        0x0 d:/program files (x86)/microchip/xc32/v1.30/bin/../lib/gcc/pic32mx/4.5.2/../../../../pic32mx/lib\libmchp_peripheral_32MX795F512L.a(I2CSetSlaveAddress.o)
 .mdebug.abi32  0xa00014d4        0x0 d:/program files (x86)/microchip/xc32/v1.30/bin/../lib/gcc/pic32mx/4.5.2/../../../../pic32mx/lib\libmchp_peripheral_32MX795F512L.a(I2CStart.o)
 .mdebug.abi32  0xa00014d4        0x0 d:/program files (x86)/microchip/xc32/v1.30/bin/../lib/gcc/pic32mx/4.5.2/../../../../pic32mx/lib\libmchp_peripheral_32MX795F512L.a(I2CStop.o)
 .mdebug.abi32  0xa00014d4        0x0 d:/program files (x86)/microchip/xc32/v1.30/bin/../lib/gcc/pic32mx/4.5.2/../../../../pic32mx/lib\libmchp_peripheral_32MX795F512L.a(I2CTransmissionHasCompleted.o)
 .mdebug.abi32  0xa00014d4        0x0 d:/program files (x86)/microchip/xc32/v1.30/bin/../lib/gcc/pic32mx/4.5.2/../../../../pic32mx/lib\libmchp_peripheral_32MX795F512L.a(I2CTransmitterIsReady.o)
 .mdebug.abi32  0xa00014d4        0x0 d:/program files (x86)/microchip/xc32/v1.30/bin/../lib/gcc/pic32mx/4.5.2/../../../../pic32mx/lib\libmchp_peripheral_32MX795F512L.a(I2CPrivate.o)
 .mdebug.abi32  0xa00014d4        0x0 d:/program files (x86)/microchip/xc32/v1.30/bin/../lib/gcc/pic32mx/4.5.2\libgcc.a(floatunsisf.o)
 .mdebug.abi32  0xa00014d4        0x0 d:/program files (x86)/microchip/xc32/v1.30/bin/../lib/gcc/pic32mx/4.5.2/../../../../pic32mx/lib\libpic32.a(default-bootstrap-exception-handler.o)
 .mdebug.abi32  0xa00014d4        0x0 d:/program files (x86)/microchip/xc32/v1.30/bin/../lib/gcc/pic32mx/4.5.2/../../../../pic32mx/lib\libpic32.a(default-on-reset.o)
 .mdebug.abi32  0xa00014d4        0x0 d:/program files (x86)/microchip/xc32/v1.30/bin/../lib/gcc/pic32mx/4.5.2/../../../../pic32mx/lib\libpic32.a(default-on-bootstrap.o)
 .mdebug.abi32  0xa00014d4        0x0 d:/program files (x86)/microchip/xc32/v1.30/bin/../lib/gcc/pic32mx/4.5.2/../../../../pic32mx/lib\libpic32.a(default-general-exception-handler.o)
 .mdebug.abi32  0xa00014d4        0x0 d:/program files (x86)/microchip/xc32/v1.30/bin/../lib/gcc/pic32mx/4.5.2/../../../../pic32mx/lib\libc.a(atoi.o)
 .mdebug.abi32  0xa00014d4        0x0 d:/program files (x86)/microchip/xc32/v1.30/bin/../lib/gcc/pic32mx/4.5.2/../../../../pic32mx/lib\libc.a(cldiv.o)
 .mdebug.abi32  0xa00014d4        0x0 d:/program files (x86)/microchip/xc32/v1.30/bin/../lib/gcc/pic32mx/4.5.2/../../../../pic32mx/lib\libc.a(ctype.o)
 .mdebug.abi32  0xa00014d4        0x0 d:/program files (x86)/microchip/xc32/v1.30/bin/../lib/gcc/pic32mx/4.5.2/../../../../pic32mx/lib\libc.a(itoa.o)
 .mdebug.abi32  0xa00014d4        0x0 d:/program files (x86)/microchip/xc32/v1.30/bin/../lib/gcc/pic32mx/4.5.2/../../../../pic32mx/lib\libc.a(strchr.o)
 .mdebug.abi32  0xa00014d4        0x0 d:/program files (x86)/microchip/xc32/v1.30/bin/../lib/gcc/pic32mx/4.5.2/../../../../pic32mx/lib\libc.a(strstr.o)
 .mdebug.abi32  0xa00014d4        0x0 d:/program files (x86)/microchip/xc32/v1.30/bin/../lib/gcc/pic32mx/4.5.2/../../../../pic32mx/lib\libc.a(strtol.o)
 .mdebug.abi32  0xa00014d4        0x0 d:/program files (x86)/microchip/xc32/v1.30/bin/../lib/gcc/pic32mx/4.5.2/../../../../pic32mx/lib\libc.a(atof.o)
 .mdebug.abi32  0xa00014d4        0x0 d:/program files (x86)/microchip/xc32/v1.30/bin/../lib/gcc/pic32mx/4.5.2/../../../../pic32mx/lib\libc.a(sprintf_cdfFnopuxX.eo)
 .mdebug.abi32  0xa00014d4        0x0 d:/program files (x86)/microchip/xc32/v1.30/bin/../lib/gcc/pic32mx/4.5.2/../../../../pic32mx/lib\libc.a(vsprintf.o)
 .mdebug.abi32  0xa00014d4        0x0 d:/program files (x86)/microchip/xc32/v1.30/bin/../lib/gcc/pic32mx/4.5.2/../../../../pic32mx/lib\libc.a(ctypef.o)
 .mdebug.abi32  0xa00014d4        0x0 d:/program files (x86)/microchip/xc32/v1.30/bin/../lib/gcc/pic32mx/4.5.2/../../../../pic32mx/lib\libc.a(errno.o)
 .mdebug.abi32  0xa00014d4        0x0 d:/program files (x86)/microchip/xc32/v1.30/bin/../lib/gcc/pic32mx/4.5.2/../../../../pic32mx/lib\libc.a(strncmp.o)
 .mdebug.abi32  0xa00014d4        0x0 d:/program files (x86)/microchip/xc32/v1.30/bin/../lib/gcc/pic32mx/4.5.2/../../../../pic32mx/lib\libc.a(strtof.o)
 .mdebug.abi32  0xa00014d4        0x0 d:/program files (x86)/microchip/xc32/v1.30/bin/../lib/gcc/pic32mx/4.5.2/../../../../pic32mx/lib\libc.a(doprnt_cdfFnopuxX.eo)
 .mdebug.abi32  0xa00014d4        0x0 d:/program files (x86)/microchip/xc32/v1.30/bin/../lib/gcc/pic32mx/4.5.2/../../../../pic32mx/lib\libc.a(doprnt.o)
 .mdebug.abi32  0xa00014d4        0x0 d:/program files (x86)/microchip/xc32/v1.30/bin/../lib/gcc/pic32mx/4.5.2/../../../../pic32mx/lib\libc.a(_fputc_simple.o)
 .mdebug.abi32  0xa00014d4        0x0 d:/program files (x86)/microchip/xc32/v1.30/bin/../lib/gcc/pic32mx/4.5.2/../../../../pic32mx/lib\libc.a(powersf.o)
 .mdebug.abi32  0xa00014d4        0x0 d:/program files (x86)/microchip/xc32/v1.30/bin/../lib/gcc/pic32mx/4.5.2/../../../../pic32mx/lib\libc.a(_iob.o)
 .mdebug.abi32  0xa00014d4        0x0 d:/program files (x86)/microchip/xc32/v1.30/bin/../lib/gcc/pic32mx/4.5.2/../../../../pic32mx/lib\libc.a(_flsbuf_simple.o)
 .mdebug.abi32  0xa00014d4        0x0 d:/program files (x86)/microchip/xc32/v1.30/bin/../lib/gcc/pic32mx/4.5.2/../../../../pic32mx/lib\libpic32.a(write.o)
 .mdebug.abi32  0xa00014d4        0x0 d:/program files (x86)/microchip/xc32/v1.30/bin/../lib/gcc/pic32mx/4.5.2/../../../../pic32mx/lib\libpic32.a(_mon_putc.o)
 .mdebug.abi32  0xa00014d4        0x0 d:/program files (x86)/microchip/xc32/v1.30/bin/../lib/gcc/pic32mx/4.5.2/../../../../pic32mx/lib\libpic32.a(xc32_uart.o)
 .mdebug.abi32  0xa00014d4        0x0 d:/program files (x86)/microchip/xc32/v1.30/bin/../lib/gcc/pic32mx/4.5.2/../../../../pic32mx/lib\libe.a(_floatdisf.o)
 .mdebug.abi32  0xa00014d4        0x0 d:/program files (x86)/microchip/xc32/v1.30/bin/../lib/gcc/pic32mx/4.5.2/../../../../pic32mx/lib\libe.a(_strtof.o)
 .mdebug.abi32  0xa00014d4        0x0 d:/program files (x86)/microchip/xc32/v1.30/bin/../lib/gcc/pic32mx/4.5.2/../../../../pic32mx/lib\libe.a(_ldexpf.o)
 .mdebug.abi32  0xa00014d4        0x0 d:/program files (x86)/microchip/xc32/v1.30/bin/../lib/gcc/pic32mx/4.5.2\libgcc.a(_floatundisf.o)
 .mdebug.abi32  0xa00014d4        0x0 d:/program files (x86)/microchip/xc32/v1.30/bin/../lib/gcc/pic32mx/4.5.2\libgcc.a(_udivdi3.o)
 .mdebug.abi32  0xa00014d4        0x0 d:/program files (x86)/microchip/xc32/v1.30/bin/../lib/gcc/pic32mx/4.5.2\libgcc.a(_umoddi3.o)

.mdebug.abiN32
 *(.mdebug.abiN32)

.mdebug.abi64
 *(.mdebug.abi64)

.mdebug.abiO64
 *(.mdebug.abiO64)

.mdebug.eabi32
 *(.mdebug.eabi32)

.mdebug.eabi64
 *(.mdebug.eabi64)

.gcc_compiled_long32
 *(.gcc_compiled_long32)

.gcc_compiled_long64
 *(.gcc_compiled_long64)

.stab
 *(.stab)

.stabstr
 *(.stabstr)

.stab.excl
 *(.stab.excl)

.stab.exclstr
 *(.stab.exclstr)

.stab.index
 *(.stab.index)

.stab.indexstr
 *(.stab.indexstr)

.comment        0x00000000      0x309
 *(.comment)
 .comment       0x00000000       0x3c build/default/production/_ext/1246622842/24lcxxx.o
                                 0x3d (size before relaxing)
 .comment       0x00000000       0x3d build/default/production/_ext/1246622842/25vfxxx.o
 .comment       0x00000000       0x3d build/default/production/_ext/1246622842/buzzer.o
 .comment       0x00000000       0x3d build/default/production/_ext/1246622842/clock.o
 .comment       0x00000000       0x3d build/default/production/_ext/1246622842/company.o
 .comment       0x00000000       0x3d build/default/production/_ext/1246622842/des.o
 .comment       0x00000000       0x3d build/default/production/_ext/1246622842/disp.o
 .comment       0x00000000       0x3d build/default/production/_ext/1246622842/ic_card.o
 .comment       0x00000000       0x3d build/default/production/_ext/1246622842/iic.o
 .comment       0x00000000       0x3d build/default/production/_ext/1218090624/init.o
 .comment       0x00000000       0x3d build/default/production/_ext/1218090624/kernel.o
 .comment       0x00000000       0x3d build/default/production/_ext/1246622842/key.o
 .comment       0x00000000       0x3d build/default/production/_ext/1246622842/lcd.o
 .comment       0x00000000       0x3d build/default/production/_ext/1246622842/lngctrl.o
 .comment       0x00000000       0x3d build/default/production/_ext/1246622842/lngdebug.o
 .comment       0x00000000       0x3d build/default/production/_ext/1218090624/main.o
 .comment       0x00000000       0x3d build/default/production/_ext/1218090624/main_ui.o
 .comment       0x00000000       0x3d build/default/production/_ext/1218090624/module_test.o
 .comment       0x00000000       0x3d build/default/production/_ext/1246622842/nand.o
 .comment       0x00000000       0x3d build/default/production/_ext/1246622842/print.o
 .comment       0x00000000       0x3d build/default/production/_ext/1246622842/qry.o
 .comment       0x00000000       0x3d build/default/production/_ext/1218090624/sign.o
 .comment       0x00000000       0x3d build/default/production/_ext/1246622842/soe.o
 .comment       0x00000000       0x3d build/default/production/_ext/1218090624/store.o
 .comment       0x00000000       0x3d build/default/production/_ext/1218090624/sysset.o
 .comment       0x00000000       0x3d build/default/production/_ext/1246622842/TempDetection.o
 .comment       0x00000000       0x3d build/default/production/_ext/1246622842/uart.o
 .comment       0x00000000       0x3d build/default/production/_ext/1246622842/gas_log.o
 .comment       0x00000000       0x3d build/default/production/_ext/1246622842/gas_log_sp.o
 .comment       0x0000003c       0x3c d:/program files (x86)/microchip/xc32/v1.30/bin/../lib/gcc/pic32mx/4.5.2/../../../../pic32mx/lib\libmchp_peripheral.a(open_core_timer_lib.o)
                                 0x3d (size before relaxing)
 .comment       0x00000000       0x3d d:/program files (x86)/microchip/xc32/v1.30/bin/../lib/gcc/pic32mx/4.5.2/../../../../pic32mx/lib\libmchp_peripheral.a(update_core_timer_lib.o)
 .comment       0x00000000       0x3d d:/program files (x86)/microchip/xc32/v1.30/bin/../lib/gcc/pic32mx/4.5.2/../../../../pic32mx/lib\libmchp_peripheral_32MX795F512L.a(pcache.o)
 .comment       0x00000000       0x3d d:/program files (x86)/microchip/xc32/v1.30/bin/../lib/gcc/pic32mx/4.5.2/../../../../pic32mx/lib\libmchp_peripheral_32MX795F512L.a(int_configure_system_lib.o)
 .comment       0x00000000       0x3d d:/program files (x86)/microchip/xc32/v1.30/bin/../lib/gcc/pic32mx/4.5.2/../../../../pic32mx/lib\libmchp_peripheral_32MX795F512L.a(int_enable_interrupts_lib.o)
 .comment       0x00000000       0x3d d:/program files (x86)/microchip/xc32/v1.30/bin/../lib/gcc/pic32mx/4.5.2/../../../../pic32mx/lib\libmchp_peripheral_32MX795F512L.a(int_disable_interrupts_lib.o)
 .comment       0x00000000       0x3d d:/program files (x86)/microchip/xc32/v1.30/bin/../lib/gcc/pic32mx/4.5.2/../../../../pic32mx/lib\libmchp_peripheral_32MX795F512L.a(int_restore_interrupts_lib.o)
 .comment       0x00000000       0x3d d:/program files (x86)/microchip/xc32/v1.30/bin/../lib/gcc/pic32mx/4.5.2/../../../../pic32mx/lib\libmchp_peripheral_32MX795F512L.a(int_tbl_lib.o)
 .comment       0x00000000       0x3d d:/program files (x86)/microchip/xc32/v1.30/bin/../lib/gcc/pic32mx/4.5.2/../../../../pic32mx/lib\libmchp_peripheral_32MX795F512L.a(port_set_pins_digital_in_lib.o)
 .comment       0x00000000       0x3d d:/program files (x86)/microchip/xc32/v1.30/bin/../lib/gcc/pic32mx/4.5.2/../../../../pic32mx/lib\libmchp_peripheral_32MX795F512L.a(port_set_pins_digital_out_lib.o)
 .comment       0x00000000       0x3d d:/program files (x86)/microchip/xc32/v1.30/bin/../lib/gcc/pic32mx/4.5.2/../../../../pic32mx/lib\libmchp_peripheral_32MX795F512L.a(_ports_tbl_libp.o)
 .comment       0x00000000       0x3d d:/program files (x86)/microchip/xc32/v1.30/bin/../lib/gcc/pic32mx/4.5.2/../../../../pic32mx/lib\libmchp_peripheral_32MX795F512L.a(uart_lib.o)
 .comment       0x00000000       0x3d d:/program files (x86)/microchip/xc32/v1.30/bin/../lib/gcc/pic32mx/4.5.2/../../../../pic32mx/lib\libmchp_peripheral_32MX795F512L.a(idle_i2c2_lib_legacy.o)
 .comment       0x00000000       0x3d d:/program files (x86)/microchip/xc32/v1.30/bin/../lib/gcc/pic32mx/4.5.2/../../../../pic32mx/lib\libmchp_peripheral_32MX795F512L.a(master_read_i2c2_lib_legacy.o)
 .comment       0x00000000       0x3d d:/program files (x86)/microchip/xc32/v1.30/bin/../lib/gcc/pic32mx/4.5.2/../../../../pic32mx/lib\libmchp_peripheral_32MX795F512L.a(master_write_i2c2_lib_legacy.o)
 .comment       0x00000000       0x3d d:/program files (x86)/microchip/xc32/v1.30/bin/../lib/gcc/pic32mx/4.5.2/../../../../pic32mx/lib\libmchp_peripheral_32MX795F512L.a(I2CBusIsIdle.o)
 .comment       0x00000000       0x3d d:/program files (x86)/microchip/xc32/v1.30/bin/../lib/gcc/pic32mx/4.5.2/../../../../pic32mx/lib\libmchp_peripheral_32MX795F512L.a(I2CByteWasAcknowledged.o)
 .comment       0x00000000       0x3d d:/program files (x86)/microchip/xc32/v1.30/bin/../lib/gcc/pic32mx/4.5.2/../../../../pic32mx/lib\libmchp_peripheral_32MX795F512L.a(I2CConfigure.o)
 .comment       0x00000000       0x3d d:/program files (x86)/microchip/xc32/v1.30/bin/../lib/gcc/pic32mx/4.5.2/../../../../pic32mx/lib\libmchp_peripheral_32MX795F512L.a(I2CEnable.o)
 .comment       0x00000000       0x3d d:/program files (x86)/microchip/xc32/v1.30/bin/../lib/gcc/pic32mx/4.5.2/../../../../pic32mx/lib\libmchp_peripheral_32MX795F512L.a(I2CGetByte.o)
 .comment       0x00000000       0x3d d:/program files (x86)/microchip/xc32/v1.30/bin/../lib/gcc/pic32mx/4.5.2/../../../../pic32mx/lib\libmchp_peripheral_32MX795F512L.a(I2CGetStatus.o)
 .comment       0x00000000       0x3d d:/program files (x86)/microchip/xc32/v1.30/bin/../lib/gcc/pic32mx/4.5.2/../../../../pic32mx/lib\libmchp_peripheral_32MX795F512L.a(I2CReceivedDataIsAvailable.o)
 .comment       0x00000000       0x3d d:/program files (x86)/microchip/xc32/v1.30/bin/../lib/gcc/pic32mx/4.5.2/../../../../pic32mx/lib\libmchp_peripheral_32MX795F512L.a(I2CReceiverEnable.o)
 .comment       0x00000000       0x3d d:/program files (x86)/microchip/xc32/v1.30/bin/../lib/gcc/pic32mx/4.5.2/../../../../pic32mx/lib\libmchp_peripheral_32MX795F512L.a(I2CRepeatStart.o)
 .comment       0x00000000       0x3d d:/program files (x86)/microchip/xc32/v1.30/bin/../lib/gcc/pic32mx/4.5.2/../../../../pic32mx/lib\libmchp_peripheral_32MX795F512L.a(I2CSendByte.o)
 .comment       0x00000000       0x3d d:/program files (x86)/microchip/xc32/v1.30/bin/../lib/gcc/pic32mx/4.5.2/../../../../pic32mx/lib\libmchp_peripheral_32MX795F512L.a(I2CSetFrequency.o)
 .comment       0x00000000       0x3d d:/program files (x86)/microchip/xc32/v1.30/bin/../lib/gcc/pic32mx/4.5.2/../../../../pic32mx/lib\libmchp_peripheral_32MX795F512L.a(I2CSetSlaveAddress.o)
 .comment       0x00000000       0x3d d:/program files (x86)/microchip/xc32/v1.30/bin/../lib/gcc/pic32mx/4.5.2/../../../../pic32mx/lib\libmchp_peripheral_32MX795F512L.a(I2CStart.o)
 .comment       0x00000000       0x3d d:/program files (x86)/microchip/xc32/v1.30/bin/../lib/gcc/pic32mx/4.5.2/../../../../pic32mx/lib\libmchp_peripheral_32MX795F512L.a(I2CStop.o)
 .comment       0x00000000       0x3d d:/program files (x86)/microchip/xc32/v1.30/bin/../lib/gcc/pic32mx/4.5.2/../../../../pic32mx/lib\libmchp_peripheral_32MX795F512L.a(I2CTransmissionHasCompleted.o)
 .comment       0x00000000       0x3d d:/program files (x86)/microchip/xc32/v1.30/bin/../lib/gcc/pic32mx/4.5.2/../../../../pic32mx/lib\libmchp_peripheral_32MX795F512L.a(I2CTransmitterIsReady.o)
 .comment       0x00000000       0x3d d:/program files (x86)/microchip/xc32/v1.30/bin/../lib/gcc/pic32mx/4.5.2/../../../../pic32mx/lib\libmchp_peripheral_32MX795F512L.a(I2CPrivate.o)
 .comment       0x00000000       0x3d d:/program files (x86)/microchip/xc32/v1.30/bin/../lib/gcc/pic32mx/4.5.2\libgcc.a(floatunsisf.o)
 .comment       0x00000078       0x18 d:/program files (x86)/microchip/xc32/v1.30/bin/../lib/gcc/pic32mx/4.5.2/../../../../pic32mx/lib\libpic32.a(memcmp.o)
                                 0x19 (size before relaxing)
 .comment       0x00000090       0x18 d:/program files (x86)/microchip/xc32/v1.30/bin/../lib/gcc/pic32mx/4.5.2/../../../../pic32mx/lib\libpic32.a(memset.o)
                                 0x19 (size before relaxing)
 .comment       0x000000a8       0x55 d:/program files (x86)/microchip/xc32/v1.30/bin/../lib/gcc/pic32mx/4.5.2/../../../../pic32mx/lib\libpic32.a(strcmp.o)
                                 0x56 (size before relaxing)
 .comment       0x000000fd       0x19 d:/program files (x86)/microchip/xc32/v1.30/bin/../lib/gcc/pic32mx/4.5.2/../../../../pic32mx/lib\libpic32.a(strcpy.o)
                                 0x1a (size before relaxing)
 .comment       0x00000116       0x19 d:/program files (x86)/microchip/xc32/v1.30/bin/../lib/gcc/pic32mx/4.5.2/../../../../pic32mx/lib\libpic32.a(strlen.o)
                                 0x1a (size before relaxing)
 .comment       0x00000000       0x3d d:/program files (x86)/microchip/xc32/v1.30/bin/../lib/gcc/pic32mx/4.5.2/../../../../pic32mx/lib\libpic32.a(default-bootstrap-exception-handler.o)
 .comment       0x00000000       0x3d d:/program files (x86)/microchip/xc32/v1.30/bin/../lib/gcc/pic32mx/4.5.2/../../../../pic32mx/lib\libpic32.a(default-on-reset.o)
 .comment       0x00000000       0x3d d:/program files (x86)/microchip/xc32/v1.30/bin/../lib/gcc/pic32mx/4.5.2/../../../../pic32mx/lib\libpic32.a(default-on-bootstrap.o)
 .comment       0x00000000       0x3d d:/program files (x86)/microchip/xc32/v1.30/bin/../lib/gcc/pic32mx/4.5.2/../../../../pic32mx/lib\libpic32.a(default-general-exception-handler.o)
 .comment       0x00000000       0x3d d:/program files (x86)/microchip/xc32/v1.30/bin/../lib/gcc/pic32mx/4.5.2/../../../../pic32mx/lib\libc.a(atoi.o)
 .comment       0x00000000       0x3d d:/program files (x86)/microchip/xc32/v1.30/bin/../lib/gcc/pic32mx/4.5.2/../../../../pic32mx/lib\libc.a(cldiv.o)
 .comment       0x0000012f       0x4e d:/program files (x86)/microchip/xc32/v1.30/bin/../lib/gcc/pic32mx/4.5.2/../../../../pic32mx/lib\libc.a(ctype.o)
                                 0x8b (size before relaxing)
 .comment       0x00000000       0x3d d:/program files (x86)/microchip/xc32/v1.30/bin/../lib/gcc/pic32mx/4.5.2/../../../../pic32mx/lib\libc.a(itoa.o)
 .comment       0x00000000       0x3d d:/program files (x86)/microchip/xc32/v1.30/bin/../lib/gcc/pic32mx/4.5.2/../../../../pic32mx/lib\libc.a(strchr.o)
 .comment       0x00000000       0x3d d:/program files (x86)/microchip/xc32/v1.30/bin/../lib/gcc/pic32mx/4.5.2/../../../../pic32mx/lib\libc.a(strstr.o)
 .comment       0x00000000       0x3d d:/program files (x86)/microchip/xc32/v1.30/bin/../lib/gcc/pic32mx/4.5.2/../../../../pic32mx/lib\libc.a(strtol.o)
 .comment       0x00000000       0x3d d:/program files (x86)/microchip/xc32/v1.30/bin/../lib/gcc/pic32mx/4.5.2/../../../../pic32mx/lib\libc.a(atof.o)
 .comment       0x00000000       0x3d d:/program files (x86)/microchip/xc32/v1.30/bin/../lib/gcc/pic32mx/4.5.2/../../../../pic32mx/lib\libc.a(sprintf_cdfFnopuxX.eo)
 .comment       0x00000000       0x3d d:/program files (x86)/microchip/xc32/v1.30/bin/../lib/gcc/pic32mx/4.5.2/../../../../pic32mx/lib\libc.a(vsprintf.o)
 .comment       0x0000017d       0x4f d:/program files (x86)/microchip/xc32/v1.30/bin/../lib/gcc/pic32mx/4.5.2/../../../../pic32mx/lib\libc.a(ctypef.o)
                                 0x8c (size before relaxing)
 .comment       0x00000000       0x3d d:/program files (x86)/microchip/xc32/v1.30/bin/../lib/gcc/pic32mx/4.5.2/../../../../pic32mx/lib\libc.a(errno.o)
 .comment       0x00000000       0x3d d:/program files (x86)/microchip/xc32/v1.30/bin/../lib/gcc/pic32mx/4.5.2/../../../../pic32mx/lib\libc.a(strncmp.o)
 .comment       0x00000000       0x3d d:/program files (x86)/microchip/xc32/v1.30/bin/../lib/gcc/pic32mx/4.5.2/../../../../pic32mx/lib\libc.a(strtof.o)
 .comment       0x00000000       0x3d d:/program files (x86)/microchip/xc32/v1.30/bin/../lib/gcc/pic32mx/4.5.2/../../../../pic32mx/lib\libc.a(doprnt_cdfFnopuxX.eo)
 .comment       0x00000000       0x3d d:/program files (x86)/microchip/xc32/v1.30/bin/../lib/gcc/pic32mx/4.5.2/../../../../pic32mx/lib\libc.a(doprnt.o)
 .comment       0x00000000       0x3d d:/program files (x86)/microchip/xc32/v1.30/bin/../lib/gcc/pic32mx/4.5.2/../../../../pic32mx/lib\libc.a(_fputc_simple.o)
 .comment       0x00000000       0x3d d:/program files (x86)/microchip/xc32/v1.30/bin/../lib/gcc/pic32mx/4.5.2/../../../../pic32mx/lib\libc.a(powersf.o)
 .comment       0x00000000       0x3d d:/program files (x86)/microchip/xc32/v1.30/bin/../lib/gcc/pic32mx/4.5.2/../../../../pic32mx/lib\libc.a(_iob.o)
 .comment       0x00000000       0x3d d:/program files (x86)/microchip/xc32/v1.30/bin/../lib/gcc/pic32mx/4.5.2/../../../../pic32mx/lib\libc.a(_flsbuf_simple.o)
 .comment       0x00000000       0x3d d:/program files (x86)/microchip/xc32/v1.30/bin/../lib/gcc/pic32mx/4.5.2/../../../../pic32mx/lib\libpic32.a(write.o)
 .comment       0x00000000       0x3d d:/program files (x86)/microchip/xc32/v1.30/bin/../lib/gcc/pic32mx/4.5.2/../../../../pic32mx/lib\libpic32.a(_mon_putc.o)
 .comment       0x00000000       0x3d d:/program files (x86)/microchip/xc32/v1.30/bin/../lib/gcc/pic32mx/4.5.2/../../../../pic32mx/lib\libpic32.a(xc32_uart.o)
 .comment       0x000001cc       0x9e d:/program files (x86)/microchip/xc32/v1.30/bin/../lib/gcc/pic32mx/4.5.2/../../../../pic32mx/lib\libe.a(_floatdisf.o)
                                 0xdb (size before relaxing)
 .comment       0x0000026a       0x4f d:/program files (x86)/microchip/xc32/v1.30/bin/../lib/gcc/pic32mx/4.5.2/../../../../pic32mx/lib\libe.a(_strtof.o)
                                 0xda (size before relaxing)
 .comment       0x000002b9       0x50 d:/program files (x86)/microchip/xc32/v1.30/bin/../lib/gcc/pic32mx/4.5.2/../../../../pic32mx/lib\libe.a(_ldexpf.o)
                                 0xdb (size before relaxing)
 .comment       0x00000000       0x3d d:/program files (x86)/microchip/xc32/v1.30/bin/../lib/gcc/pic32mx/4.5.2\libgcc.a(_floatundisf.o)
 .comment       0x00000000       0x3d d:/program files (x86)/microchip/xc32/v1.30/bin/../lib/gcc/pic32mx/4.5.2\libgcc.a(_udivdi3.o)
 .comment       0x00000000       0x3d d:/program files (x86)/microchip/xc32/v1.30/bin/../lib/gcc/pic32mx/4.5.2\libgcc.a(_umoddi3.o)

.debug
 *(.debug)

.line
 *(.line)

.debug_srcinfo
 *(.debug_srcinfo)

.debug_sfnames
 *(.debug_sfnames)

.debug_aranges  0x00000000      0xc10
 *(.debug_aranges)
 .debug_aranges
                0x00000000       0x20 build/default/production/_ext/1246622842/24lcxxx.o
 .debug_aranges
                0x00000020       0x20 build/default/production/_ext/1246622842/buzzer.o
 .debug_aranges
                0x00000040       0x20 build/default/production/_ext/1246622842/clock.o
 .debug_aranges
                0x00000060       0x20 build/default/production/_ext/1246622842/company.o
 .debug_aranges
                0x00000080       0x20 build/default/production/_ext/1246622842/des.o
 .debug_aranges
                0x000000a0       0x20 build/default/production/_ext/1246622842/disp.o
 .debug_aranges
                0x000000c0       0x20 build/default/production/_ext/1246622842/ic_card.o
 .debug_aranges
                0x000000e0       0x20 build/default/production/_ext/1246622842/iic.o
 .debug_aranges
                0x00000100       0x20 build/default/production/_ext/1218090624/init.o
 .debug_aranges
                0x00000120       0x20 build/default/production/_ext/1218090624/kernel.o
 .debug_aranges
                0x00000140       0x20 build/default/production/_ext/1246622842/key.o
 .debug_aranges
                0x00000160       0x20 build/default/production/_ext/1246622842/lcd.o
 .debug_aranges
                0x00000180       0x20 build/default/production/_ext/1246622842/lngctrl.o
 .debug_aranges
                0x000001a0       0x20 build/default/production/_ext/1246622842/lngdebug.o
 .debug_aranges
                0x000001c0       0x20 build/default/production/_ext/1218090624/main.o
 .debug_aranges
                0x000001e0       0x20 build/default/production/_ext/1218090624/main_ui.o
 .debug_aranges
                0x00000200       0x20 build/default/production/_ext/1218090624/module_test.o
 .debug_aranges
                0x00000220       0x20 build/default/production/_ext/1246622842/nand.o
 .debug_aranges
                0x00000240       0x20 build/default/production/_ext/1246622842/print.o
 .debug_aranges
                0x00000260       0x20 build/default/production/_ext/1246622842/qry.o
 .debug_aranges
                0x00000280       0x20 build/default/production/_ext/1218090624/sign.o
 .debug_aranges
                0x000002a0       0x20 build/default/production/_ext/1246622842/soe.o
 .debug_aranges
                0x000002c0       0x20 build/default/production/_ext/1218090624/store.o
 .debug_aranges
                0x000002e0       0x20 build/default/production/_ext/1218090624/sysset.o
 .debug_aranges
                0x00000300       0x20 build/default/production/_ext/1246622842/TempDetection.o
 .debug_aranges
                0x00000320       0x20 build/default/production/_ext/1246622842/uart.o
 .debug_aranges
                0x00000340       0x20 build/default/production/_ext/1246622842/gas_log.o
 .debug_aranges
                0x00000360       0x20 build/default/production/_ext/1246622842/gas_log_sp.o
 .debug_aranges
                0x00000380       0x20 d:/program files (x86)/microchip/xc32/v1.30/bin/../lib/gcc/pic32mx/4.5.2/../../../../pic32mx/lib\libmchp_peripheral.a(open_core_timer_lib.o)
 .debug_aranges
                0x000003a0       0x20 d:/program files (x86)/microchip/xc32/v1.30/bin/../lib/gcc/pic32mx/4.5.2/../../../../pic32mx/lib\libmchp_peripheral.a(update_core_timer_lib.o)
 .debug_aranges
                0x000003c0       0x28 d:/program files (x86)/microchip/xc32/v1.30/bin/../lib/gcc/pic32mx/4.5.2/../../../../pic32mx/lib\libmchp_peripheral_32MX795F512L.a(pcache.o)
 .debug_aranges
                0x000003e8       0x20 d:/program files (x86)/microchip/xc32/v1.30/bin/../lib/gcc/pic32mx/4.5.2/../../../../pic32mx/lib\libmchp_peripheral_32MX795F512L.a(int_configure_system_lib.o)
 .debug_aranges
                0x00000408       0x20 d:/program files (x86)/microchip/xc32/v1.30/bin/../lib/gcc/pic32mx/4.5.2/../../../../pic32mx/lib\libmchp_peripheral_32MX795F512L.a(int_enable_interrupts_lib.o)
 .debug_aranges
                0x00000428       0x20 d:/program files (x86)/microchip/xc32/v1.30/bin/../lib/gcc/pic32mx/4.5.2/../../../../pic32mx/lib\libmchp_peripheral_32MX795F512L.a(int_disable_interrupts_lib.o)
 .debug_aranges
                0x00000448       0x20 d:/program files (x86)/microchip/xc32/v1.30/bin/../lib/gcc/pic32mx/4.5.2/../../../../pic32mx/lib\libmchp_peripheral_32MX795F512L.a(int_restore_interrupts_lib.o)
 .debug_aranges
                0x00000468       0x60 d:/program files (x86)/microchip/xc32/v1.30/bin/../lib/gcc/pic32mx/4.5.2/../../../../pic32mx/lib\libmchp_peripheral_32MX795F512L.a(int_tbl_lib.o)
 .debug_aranges
                0x000004c8       0x20 d:/program files (x86)/microchip/xc32/v1.30/bin/../lib/gcc/pic32mx/4.5.2/../../../../pic32mx/lib\libmchp_peripheral_32MX795F512L.a(port_set_pins_digital_in_lib.o)
 .debug_aranges
                0x000004e8       0x20 d:/program files (x86)/microchip/xc32/v1.30/bin/../lib/gcc/pic32mx/4.5.2/../../../../pic32mx/lib\libmchp_peripheral_32MX795F512L.a(port_set_pins_digital_out_lib.o)
 .debug_aranges
                0x00000508       0x58 d:/program files (x86)/microchip/xc32/v1.30/bin/../lib/gcc/pic32mx/4.5.2/../../../../pic32mx/lib\libmchp_peripheral_32MX795F512L.a(uart_lib.o)
 .debug_aranges
                0x00000560       0x20 d:/program files (x86)/microchip/xc32/v1.30/bin/../lib/gcc/pic32mx/4.5.2/../../../../pic32mx/lib\libmchp_peripheral_32MX795F512L.a(idle_i2c2_lib_legacy.o)
 .debug_aranges
                0x00000580       0x20 d:/program files (x86)/microchip/xc32/v1.30/bin/../lib/gcc/pic32mx/4.5.2/../../../../pic32mx/lib\libmchp_peripheral_32MX795F512L.a(master_read_i2c2_lib_legacy.o)
 .debug_aranges
                0x000005a0       0x20 d:/program files (x86)/microchip/xc32/v1.30/bin/../lib/gcc/pic32mx/4.5.2/../../../../pic32mx/lib\libmchp_peripheral_32MX795F512L.a(master_write_i2c2_lib_legacy.o)
 .debug_aranges
                0x000005c0       0x20 d:/program files (x86)/microchip/xc32/v1.30/bin/../lib/gcc/pic32mx/4.5.2/../../../../pic32mx/lib\libmchp_peripheral_32MX795F512L.a(I2CBusIsIdle.o)
 .debug_aranges
                0x000005e0       0x20 d:/program files (x86)/microchip/xc32/v1.30/bin/../lib/gcc/pic32mx/4.5.2/../../../../pic32mx/lib\libmchp_peripheral_32MX795F512L.a(I2CByteWasAcknowledged.o)
 .debug_aranges
                0x00000600       0x20 d:/program files (x86)/microchip/xc32/v1.30/bin/../lib/gcc/pic32mx/4.5.2/../../../../pic32mx/lib\libmchp_peripheral_32MX795F512L.a(I2CConfigure.o)
 .debug_aranges
                0x00000620       0x20 d:/program files (x86)/microchip/xc32/v1.30/bin/../lib/gcc/pic32mx/4.5.2/../../../../pic32mx/lib\libmchp_peripheral_32MX795F512L.a(I2CEnable.o)
 .debug_aranges
                0x00000640       0x20 d:/program files (x86)/microchip/xc32/v1.30/bin/../lib/gcc/pic32mx/4.5.2/../../../../pic32mx/lib\libmchp_peripheral_32MX795F512L.a(I2CGetByte.o)
 .debug_aranges
                0x00000660       0x20 d:/program files (x86)/microchip/xc32/v1.30/bin/../lib/gcc/pic32mx/4.5.2/../../../../pic32mx/lib\libmchp_peripheral_32MX795F512L.a(I2CGetStatus.o)
 .debug_aranges
                0x00000680       0x20 d:/program files (x86)/microchip/xc32/v1.30/bin/../lib/gcc/pic32mx/4.5.2/../../../../pic32mx/lib\libmchp_peripheral_32MX795F512L.a(I2CReceivedDataIsAvailable.o)
 .debug_aranges
                0x000006a0       0x20 d:/program files (x86)/microchip/xc32/v1.30/bin/../lib/gcc/pic32mx/4.5.2/../../../../pic32mx/lib\libmchp_peripheral_32MX795F512L.a(I2CReceiverEnable.o)
 .debug_aranges
                0x000006c0       0x20 d:/program files (x86)/microchip/xc32/v1.30/bin/../lib/gcc/pic32mx/4.5.2/../../../../pic32mx/lib\libmchp_peripheral_32MX795F512L.a(I2CRepeatStart.o)
 .debug_aranges
                0x000006e0       0x20 d:/program files (x86)/microchip/xc32/v1.30/bin/../lib/gcc/pic32mx/4.5.2/../../../../pic32mx/lib\libmchp_peripheral_32MX795F512L.a(I2CSendByte.o)
 .debug_aranges
                0x00000700       0x20 d:/program files (x86)/microchip/xc32/v1.30/bin/../lib/gcc/pic32mx/4.5.2/../../../../pic32mx/lib\libmchp_peripheral_32MX795F512L.a(I2CSetFrequency.o)
 .debug_aranges
                0x00000720       0x20 d:/program files (x86)/microchip/xc32/v1.30/bin/../lib/gcc/pic32mx/4.5.2/../../../../pic32mx/lib\libmchp_peripheral_32MX795F512L.a(I2CSetSlaveAddress.o)
 .debug_aranges
                0x00000740       0x20 d:/program files (x86)/microchip/xc32/v1.30/bin/../lib/gcc/pic32mx/4.5.2/../../../../pic32mx/lib\libmchp_peripheral_32MX795F512L.a(I2CStart.o)
 .debug_aranges
                0x00000760       0x20 d:/program files (x86)/microchip/xc32/v1.30/bin/../lib/gcc/pic32mx/4.5.2/../../../../pic32mx/lib\libmchp_peripheral_32MX795F512L.a(I2CStop.o)
 .debug_aranges
                0x00000780       0x20 d:/program files (x86)/microchip/xc32/v1.30/bin/../lib/gcc/pic32mx/4.5.2/../../../../pic32mx/lib\libmchp_peripheral_32MX795F512L.a(I2CTransmissionHasCompleted.o)
 .debug_aranges
                0x000007a0       0x20 d:/program files (x86)/microchip/xc32/v1.30/bin/../lib/gcc/pic32mx/4.5.2/../../../../pic32mx/lib\libmchp_peripheral_32MX795F512L.a(I2CTransmitterIsReady.o)
 .debug_aranges
                0x000007c0       0x20 d:/program files (x86)/microchip/xc32/v1.30/bin/../lib/gcc/pic32mx/4.5.2\libgcc.a(floatunsisf.o)
 .debug_aranges
                0x000007e0       0x20 d:/program files (x86)/microchip/xc32/v1.30/bin/../lib/gcc/pic32mx/4.5.2/../../../../pic32mx/lib\libpic32.a(default-bootstrap-exception-handler.o)
 .debug_aranges
                0x00000800       0x20 d:/program files (x86)/microchip/xc32/v1.30/bin/../lib/gcc/pic32mx/4.5.2/../../../../pic32mx/lib\libpic32.a(default-on-reset.o)
 .debug_aranges
                0x00000820       0x20 d:/program files (x86)/microchip/xc32/v1.30/bin/../lib/gcc/pic32mx/4.5.2/../../../../pic32mx/lib\libpic32.a(default-on-bootstrap.o)
 .debug_aranges
                0x00000840       0x20 d:/program files (x86)/microchip/xc32/v1.30/bin/../lib/gcc/pic32mx/4.5.2/../../../../pic32mx/lib\libpic32.a(default-general-exception-handler.o)
 .debug_aranges
                0x00000860       0x20 d:/program files (x86)/microchip/xc32/v1.30/bin/../lib/gcc/pic32mx/4.5.2/../../../../pic32mx/lib\libc.a(atoi.o)
 .debug_aranges
                0x00000880       0x20 d:/program files (x86)/microchip/xc32/v1.30/bin/../lib/gcc/pic32mx/4.5.2/../../../../pic32mx/lib\libc.a(cldiv.o)
 .debug_aranges
                0x000008a0       0x28 d:/program files (x86)/microchip/xc32/v1.30/bin/../lib/gcc/pic32mx/4.5.2/../../../../pic32mx/lib\libc.a(itoa.o)
 .debug_aranges
                0x000008c8       0x20 d:/program files (x86)/microchip/xc32/v1.30/bin/../lib/gcc/pic32mx/4.5.2/../../../../pic32mx/lib\libc.a(strchr.o)
 .debug_aranges
                0x000008e8       0x20 d:/program files (x86)/microchip/xc32/v1.30/bin/../lib/gcc/pic32mx/4.5.2/../../../../pic32mx/lib\libc.a(strstr.o)
 .debug_aranges
                0x00000908       0x28 d:/program files (x86)/microchip/xc32/v1.30/bin/../lib/gcc/pic32mx/4.5.2/../../../../pic32mx/lib\libc.a(strtol.o)
 .debug_aranges
                0x00000930       0x20 d:/program files (x86)/microchip/xc32/v1.30/bin/../lib/gcc/pic32mx/4.5.2/../../../../pic32mx/lib\libc.a(atof.o)
 .debug_aranges
                0x00000950       0x20 d:/program files (x86)/microchip/xc32/v1.30/bin/../lib/gcc/pic32mx/4.5.2/../../../../pic32mx/lib\libc.a(sprintf_cdfFnopuxX.eo)
 .debug_aranges
                0x00000970       0x20 d:/program files (x86)/microchip/xc32/v1.30/bin/../lib/gcc/pic32mx/4.5.2/../../../../pic32mx/lib\libc.a(vsprintf.o)
 .debug_aranges
                0x00000990       0xa0 d:/program files (x86)/microchip/xc32/v1.30/bin/../lib/gcc/pic32mx/4.5.2/../../../../pic32mx/lib\libc.a(ctypef.o)
 .debug_aranges
                0x00000a30       0x20 d:/program files (x86)/microchip/xc32/v1.30/bin/../lib/gcc/pic32mx/4.5.2/../../../../pic32mx/lib\libc.a(strncmp.o)
 .debug_aranges
                0x00000a50       0x28 d:/program files (x86)/microchip/xc32/v1.30/bin/../lib/gcc/pic32mx/4.5.2/../../../../pic32mx/lib\libc.a(strtof.o)
 .debug_aranges
                0x00000a78       0x28 d:/program files (x86)/microchip/xc32/v1.30/bin/../lib/gcc/pic32mx/4.5.2/../../../../pic32mx/lib\libc.a(doprnt_cdfFnopuxX.eo)
 .debug_aranges
                0x00000aa0       0x30 d:/program files (x86)/microchip/xc32/v1.30/bin/../lib/gcc/pic32mx/4.5.2/../../../../pic32mx/lib\libc.a(doprnt.o)
 .debug_aranges
                0x00000ad0       0x20 d:/program files (x86)/microchip/xc32/v1.30/bin/../lib/gcc/pic32mx/4.5.2/../../../../pic32mx/lib\libc.a(_fputc_simple.o)
 .debug_aranges
                0x00000af0       0x20 d:/program files (x86)/microchip/xc32/v1.30/bin/../lib/gcc/pic32mx/4.5.2/../../../../pic32mx/lib\libc.a(_flsbuf_simple.o)
 .debug_aranges
                0x00000b10       0x20 d:/program files (x86)/microchip/xc32/v1.30/bin/../lib/gcc/pic32mx/4.5.2/../../../../pic32mx/lib\libpic32.a(write.o)
 .debug_aranges
                0x00000b30       0x20 d:/program files (x86)/microchip/xc32/v1.30/bin/../lib/gcc/pic32mx/4.5.2/../../../../pic32mx/lib\libpic32.a(_mon_putc.o)
 .debug_aranges
                0x00000b50       0x20 d:/program files (x86)/microchip/xc32/v1.30/bin/../lib/gcc/pic32mx/4.5.2/../../../../pic32mx/lib\libe.a(_floatdisf.o)
 .debug_aranges
                0x00000b70       0x20 d:/program files (x86)/microchip/xc32/v1.30/bin/../lib/gcc/pic32mx/4.5.2/../../../../pic32mx/lib\libe.a(_strtof.o)
 .debug_aranges
                0x00000b90       0x20 d:/program files (x86)/microchip/xc32/v1.30/bin/../lib/gcc/pic32mx/4.5.2/../../../../pic32mx/lib\libe.a(_ldexpf.o)
 .debug_aranges
                0x00000bb0       0x20 d:/program files (x86)/microchip/xc32/v1.30/bin/../lib/gcc/pic32mx/4.5.2\libgcc.a(_floatundisf.o)
 .debug_aranges
                0x00000bd0       0x20 d:/program files (x86)/microchip/xc32/v1.30/bin/../lib/gcc/pic32mx/4.5.2\libgcc.a(_udivdi3.o)
 .debug_aranges
                0x00000bf0       0x20 d:/program files (x86)/microchip/xc32/v1.30/bin/../lib/gcc/pic32mx/4.5.2\libgcc.a(_umoddi3.o)

.debug_pubnames
                0x00000000    0x23959
 *(.debug_pubnames)
 .debug_pubnames
                0x00000000     0x1234 build/default/production/_ext/1246622842/24lcxxx.o
 .debug_pubnames
                0x00001234     0x1186 build/default/production/_ext/1246622842/25vfxxx.o
 .debug_pubnames
                0x000023ba     0x11f0 build/default/production/_ext/1246622842/buzzer.o
 .debug_pubnames
                0x000035aa     0x122c build/default/production/_ext/1246622842/clock.o
 .debug_pubnames
                0x000047d6     0x19b6 build/default/production/_ext/1246622842/company.o
 .debug_pubnames
                0x0000618c     0x126b build/default/production/_ext/1246622842/des.o
 .debug_pubnames
                0x000073f7     0x1258 build/default/production/_ext/1246622842/disp.o
 .debug_pubnames
                0x0000864f     0x154e build/default/production/_ext/1246622842/ic_card.o
 .debug_pubnames
                0x00009b9d     0x11f7 build/default/production/_ext/1246622842/iic.o
 .debug_pubnames
                0x0000ad94     0x12f4 build/default/production/_ext/1218090624/init.o
 .debug_pubnames
                0x0000c088     0x13d5 build/default/production/_ext/1218090624/kernel.o
 .debug_pubnames
                0x0000d45d     0x12d8 build/default/production/_ext/1246622842/key.o
 .debug_pubnames
                0x0000e735     0x123d build/default/production/_ext/1246622842/lcd.o
 .debug_pubnames
                0x0000f972     0x1421 build/default/production/_ext/1246622842/lngctrl.o
 .debug_pubnames
                0x00010d93     0x1284 build/default/production/_ext/1246622842/lngdebug.o
 .debug_pubnames
                0x00012017     0x1237 build/default/production/_ext/1218090624/main.o
 .debug_pubnames
                0x0001324e     0x1287 build/default/production/_ext/1218090624/main_ui.o
 .debug_pubnames
                0x000144d5     0x149e build/default/production/_ext/1218090624/module_test.o
 .debug_pubnames
                0x00015973     0x1324 build/default/production/_ext/1246622842/nand.o
 .debug_pubnames
                0x00016c97     0x1202 build/default/production/_ext/1246622842/print.o
 .debug_pubnames
                0x00017e99     0x1455 build/default/production/_ext/1246622842/qry.o
 .debug_pubnames
                0x000192ee     0x12f8 build/default/production/_ext/1218090624/sign.o
 .debug_pubnames
                0x0001a5e6     0x12dc build/default/production/_ext/1246622842/soe.o
 .debug_pubnames
                0x0001b8c2     0x1241 build/default/production/_ext/1218090624/store.o
 .debug_pubnames
                0x0001cb03     0x1ac4 build/default/production/_ext/1218090624/sysset.o
 .debug_pubnames
                0x0001e5c7     0x122f build/default/production/_ext/1246622842/TempDetection.o
 .debug_pubnames
                0x0001f7f6     0x11cd build/default/production/_ext/1246622842/uart.o
 .debug_pubnames
                0x000209c3     0x129d build/default/production/_ext/1246622842/gas_log.o
 .debug_pubnames
                0x00021c60     0x1295 build/default/production/_ext/1246622842/gas_log_sp.o
 .debug_pubnames
                0x00022ef5       0x24 d:/program files (x86)/microchip/xc32/v1.30/bin/../lib/gcc/pic32mx/4.5.2/../../../../pic32mx/lib\libmchp_peripheral.a(open_core_timer_lib.o)
 .debug_pubnames
                0x00022f19       0x26 d:/program files (x86)/microchip/xc32/v1.30/bin/../lib/gcc/pic32mx/4.5.2/../../../../pic32mx/lib\libmchp_peripheral.a(update_core_timer_lib.o)
 .debug_pubnames
                0x00022f3f       0x3b d:/program files (x86)/microchip/xc32/v1.30/bin/../lib/gcc/pic32mx/4.5.2/../../../../pic32mx/lib\libmchp_peripheral_32MX795F512L.a(pcache.o)
 .debug_pubnames
                0x00022f7a       0x29 d:/program files (x86)/microchip/xc32/v1.30/bin/../lib/gcc/pic32mx/4.5.2/../../../../pic32mx/lib\libmchp_peripheral_32MX795F512L.a(int_configure_system_lib.o)
 .debug_pubnames
                0x00022fa3       0x2a d:/program files (x86)/microchip/xc32/v1.30/bin/../lib/gcc/pic32mx/4.5.2/../../../../pic32mx/lib\libmchp_peripheral_32MX795F512L.a(int_enable_interrupts_lib.o)
 .debug_pubnames
                0x00022fcd       0x2b d:/program files (x86)/microchip/xc32/v1.30/bin/../lib/gcc/pic32mx/4.5.2/../../../../pic32mx/lib\libmchp_peripheral_32MX795F512L.a(int_disable_interrupts_lib.o)
 .debug_pubnames